Archive member included because of file (symbol)

/opt/arm-2012.03/bin/../lib/gcc/arm-none-eabi/4.6.3/thumb2/libgcc.a(_arm_addsubdf3.o)
                              build/components/libc/minilibc/math.o (__aeabi_dsub)
/opt/arm-2012.03/bin/../lib/gcc/arm-none-eabi/4.6.3/thumb2/libgcc.a(_arm_muldivdf3.o)
                              build/components/libc/minilibc/math.o (__aeabi_dmul)
/opt/arm-2012.03/bin/../lib/gcc/arm-none-eabi/4.6.3/thumb2/libgcc.a(_arm_fixdfsi.o)
                              build/components/libc/minilibc/math.o (__aeabi_d2iz)

Allocating common symbols
Common symbol       size              file

LargeDataBuffer     0x2000            build/bsp/RS232.o
location            0xa               build/bsp/DataManager.o
CurrentDriver       0x18              build/bsp/DataManager.o
RsSpeed             0x4               build/bsp/GetData.o
rt_interrupt_to_thread
                    0x4               build/libcpu/arm/cortex-m3/cpuport.o
Datastatusdata      0x2               build/bsp/DataManager.o
enddriverclk        0x6               build/bsp/DataManager.o
rt_interrupt_from_thread
                    0x4               build/libcpu/arm/cortex-m3/cpuport.o
PowerOnDT           0x8               build/bsp/DataManager.o
USBH_MSC_CSWData    0x10              build/bsp/Libraries/STM32_USB_HOST_Library/Class/MSC/src/usbh_msc_bot.o
devsendata          0x8e              build/bsp/application.o
Verificationstatus  0x1               build/bsp/RS232.o
curTime             0x6               build/bsp/rtc.o
devreg              0xa               build/bsp/application.o
MSC_Machine         0x4a              build/bsp/Libraries/STM32_USB_HOST_Library/Class/MSC/src/usbh_msc_core.o
gprsMessageheadrev  0x10              build/bsp/application.o
uart4_int_rx        0x8c              build/bsp/usart.o
Uart4PackStatus     0x1               build/bsp/serial.o
GprsSendleth        0x1               build/bsp/GetData.o
Parameter           0x288             build/bsp/DataManager.o
RecordDriver        0x18              build/bsp/DataManager.o
status2             0x1               build/bsp/application.o
otdrEND             0x28              build/bsp/DataManager.o
gprsMessageheadsend
                    0x10              build/bsp/application.o
CurStatus           0x1               build/bsp/GetData.o
devack              0x6               build/bsp/application.o
last_lcd_tcb        0x8               build/bsp/menu.o
rt_thread_switch_interrupt_flag
                    0x4               build/libcpu/arm/cortex-m3/cpuport.o
otdr2dayNum         0x1               build/bsp/menu.o
Time20sCnt1         0x1               build/bsp/GetData.o
driverregisterdata  0x19              build/bsp/DataManager.o
USBH_CfgDesc        0x200             build/bsp/Libraries/STM32_USB_HOST_Library/Core/src/usbh_stdreq.o
STATUS1min          0x1               build/bsp/DataManager.o
uart3_int_rx        0x8c              build/bsp/usart.o
fd_table            0x80              build/components/dfs/src/dfs.o
ddb                 0xea              build/bsp/DataManager.o
basedata            0x7e              build/bsp/DataManager.o
Locationdata        0x29a             build/bsp/DataManager.o
Time30mincnt3       0x1               build/bsp/GetData.o
USBH_DataInBuffer   0x200             build/bsp/Libraries/STM32_USB_HOST_Library/Class/MSC/src/usbh_msc_scsi.o
RSDatarxBuf         0x100             build/bsp/RS232.o
timecnt             0x8               build/bsp/GetData.o
act_tcb             0x4               build/bsp/menu.o
Time10sCnte         0x1               build/bsp/GetData.o
usbchecksum         0x1               build/bsp/usbh_usr.o
GprsSendbuff        0xa0              build/bsp/GetData.o
DriverFlag          0x1               build/bsp/DataManager.o
uart2_device        0x40              build/bsp/usart.o
USBH_MSC_Param      0x10              build/bsp/Libraries/STM32_USB_HOST_Library/Class/MSC/src/usbh_msc_scsi.o
gprsAuthflag        0x1               build/bsp/application.o
LastDistance        0x4               build/bsp/DataManager.o
Time30mincnt1       0x1               build/bsp/GetData.o
USBH_MSC_BOTXferParam
                    0x10              build/bsp/Libraries/STM32_USB_HOST_Library/Class/MSC/src/usbh_msc_bot.o
RSCmdrxBuf          0x20              build/bsp/RS232.o
rt_thread_priority_table
                    0x100             build/src/scheduler.o
file                0x228             build/bsp/usbh_usr.o
rt_object_put_hook  0x4               build/src/object.o
uart4_device        0x40              build/bsp/usart.o
rec_end             0x10              build/bsp/DataManager.o
Tick02NB            0x4               build/bsp/DataManager.o
CMD_JOURNAL         0x1               build/bsp/application.o
rt_current_priority
                    0x1               build/src/scheduler.o
lcd_tcb             0x8               build/bsp/menu.o
Time30mincnt2       0x1               build/bsp/GetData.o
[...]
Memory Configuration

Name             Origin             Length             Attributes
CODE             0x08000000         0x00080000         xr
DATA             0x20000000         0x00010000         rw
*default*        0x00000000         0xffffffff

Linker script and memory map

LOAD /opt/arm-2012.03/bin/../lib/gcc/arm-none-eabi/4.6.3/thumb2/crti.o
LOAD /opt/arm-2012.03/bin/../lib/gcc/arm-none-eabi/4.6.3/thumb2/crtbegin.o
LOAD build/bsp/application.o
LOAD build/bsp/startup.o
LOAD build/bsp/board.o
LOAD build/bsp/stm32f10x_it.o
LOAD build/bsp/rtc.o
LOAD build/bsp/usart.o
LOAD build/bsp/serial.o
LOAD build/bsp/lcd.o
LOAD build/bsp/led.o
LOAD build/bsp/menu.o
LOAD build/bsp/usbd_mem_if.o
LOAD build/bsp/usb_bsp.o
LOAD build/bsp/usbh_usr.o
LOAD build/bsp/gpio_drv.o
LOAD build/bsp/i2c_drv.o
LOAD build/bsp/RS232.o
LOAD build/bsp/DataManager.o
LOAD build/bsp/GetData.o
LOAD build/bsp/printer.o
LOAD build/bsp/WarmVol.o
LOAD build/bsp/atmel_dataflash.o
LOAD build/src/clock.o
LOAD build/src/device.o
LOAD build/src/idle.o
LOAD build/src/ipc.o
LOAD build/src/irq.o
LOAD build/src/kservice.o
LOAD build/src/mem.o
LOAD build/src/mempool.o
LOAD build/src/object.o
LOAD build/src/scheduler.o
LOAD build/src/thread.o
LOAD build/src/timer.o
LOAD build/libcpu/arm/cortex-m3/cpuport.o
LOAD build/libcpu/arm/cortex-m3/context_gcc.o
LOAD build/libcpu/arm/common/backtrace.o
LOAD build/libcpu/arm/common/div0.o
LOAD build/libcpu/arm/common/showmem.o
LOAD build/components/dfs/src/dfs.o
LOAD build/components/dfs/src/dfs_fs.o
LOAD build/components/dfs/src/dfs_file.o
LOAD build/components/dfs/src/dfs_posix.o
LOAD build/components/dfs/filesystems/elmfat/dfs_elm.o
LOAD build/components/dfs/filesystems/elmfat/ff.o
LOAD build/components/dfs/filesystems/elmfat/option/cc936.o
LOAD build/components/libc/minilibc/ctype.o
LOAD build/components/libc/minilibc/math.o
LOAD build/components/libc/minilibc/qsort.o
LOAD build/components/libc/minilibc/rand.o
LOAD build/components/libc/minilibc/stdlib.o
LOAD build/components/libc/minilibc/string.o
LOAD build/components/libc/minilibc/time.o
LOAD build/bsp/Libraries/CMSIS/Device/ST/STM32F10x/Source/Templates/system_stm32f10x.o
LOAD build/bsp/Libraries/STM32F10x_StdPeriph_Driver/src/stm32f10x_crc.o
LOAD build/bsp/Libraries/STM32F10x_StdPeriph_Driver/src/stm32f10x_rcc.o
LOAD build/bsp/Libraries/STM32F10x_StdPeriph_Driver/src/stm32f10x_wwdg.o
LOAD build/bsp/Libraries/STM32F10x_StdPeriph_Driver/src/stm32f10x_pwr.o
LOAD build/bsp/Libraries/STM32F10x_StdPeriph_Driver/src/stm32f10x_exti.o
LOAD build/bsp/Libraries/STM32F10x_StdPeriph_Driver/src/stm32f10x_bkp.o
LOAD build/bsp/Libraries/STM32F10x_StdPeriph_Driver/src/stm32f10x_i2c.o
LOAD build/bsp/Libraries/STM32F10x_StdPeriph_Driver/src/stm32f10x_adc.o
LOAD build/bsp/Libraries/STM32F10x_StdPeriph_Driver/src/stm32f10x_dac.o
LOAD build/bsp/Libraries/STM32F10x_StdPeriph_Driver/src/stm32f10x_rtc.o
LOAD build/bsp/Libraries/STM32F10x_StdPeriph_Driver/src/stm32f10x_fsmc.o
LOAD build/bsp/Libraries/STM32F10x_StdPeriph_Driver/src/stm32f10x_tim.o
LOAD build/bsp/Libraries/STM32F10x_StdPeriph_Driver/src/stm32f10x_iwdg.o
LOAD build/bsp/Libraries/STM32F10x_StdPeriph_Driver/src/stm32f10x_spi.o
LOAD build/bsp/Libraries/STM32F10x_StdPeriph_Driver/src/stm32f10x_flash.o
LOAD build/bsp/Libraries/STM32F10x_StdPeriph_Driver/src/stm32f10x_sdio.o
LOAD build/bsp/Libraries/STM32F10x_StdPeriph_Driver/src/stm32f10x_gpio.o
LOAD build/bsp/Libraries/STM32F10x_StdPeriph_Driver/src/stm32f10x_usart.o
LOAD build/bsp/Libraries/STM32F10x_StdPeriph_Driver/src/stm32f10x_dbgmcu.o
LOAD build/bsp/Libraries/STM32F10x_StdPeriph_Driver/src/stm32f10x_dma.o
LOAD build/bsp/Libraries/STM32F10x_StdPeriph_Driver/src/stm32f10x_can.o
LOAD build/bsp/Libraries/STM32F10x_StdPeriph_Driver/src/stm32f10x_cec.o
LOAD build/bsp/Libraries/STM32F10x_StdPeriph_Driver/src/misc.o
LOAD build/bsp/Libraries/STM32_USB_HOST_Library/Class/MSC/src/usbh_msc_bot.o
LOAD build/bsp/Libraries/STM32_USB_HOST_Library/Class/MSC/src/usbh_msc_scsi.o
LOAD build/bsp/Libraries/STM32_USB_HOST_Library/Class/MSC/src/usbh_msc_core.o
LOAD build/bsp/Libraries/STM32_USB_HOST_Library/Class/MSC/src/usbh_msc_fatfs.o
LOAD build/bsp/Libraries/STM32_USB_HOST_Library/Core/src/usbh_core.o
LOAD build/bsp/Libraries/STM32_USB_HOST_Library/Core/src/usbh_hcs.o
LOAD build/bsp/Libraries/STM32_USB_HOST_Library/Core/src/usbh_stdreq.o
LOAD build/bsp/Libraries/STM32_USB_HOST_Library/Core/src/usbh_ioreq.o
LOAD build/bsp/Libraries/STM32_USB_OTG_Driver/src/usb_hcd.o
LOAD build/bsp/Libraries/STM32_USB_OTG_Driver/src/usb_hcd_int.o
LOAD build/bsp/Libraries/STM32_USB_OTG_Driver/src/usb_core.o
LOAD build/bsp/Libraries/CMSIS/Device/ST/STM32F10x/Source/Templates/gcc_ride7/startup_stm32f10x_cl.o
START GROUP
LOAD /opt/arm-2012.03/bin/../lib/gcc/arm-none-eabi/4.6.3/thumb2/libgcc.a
LOAD /opt/arm-2012.03/bin/../lib/gcc/arm-none-eabi/4.6.3/../../../../arm-none-eabi/lib/thumb2/libc.a
END GROUP
LOAD /opt/arm-2012.03/bin/../lib/gcc/arm-none-eabi/4.6.3/thumb2/crtend.o
LOAD /opt/arm-2012.03/bin/../lib/gcc/arm-none-eabi/4.6.3/thumb2/crtn.o
                0x00000500                _system_stack_size = 0x500

.text           0x08000000    0x32c44
                0x08000000                . = ALIGN (0x4)
 *(.isr_vector)
 .isr_vector    0x08000000      0x1e4 build/bsp/Libraries/CMSIS/Device/ST/STM32F10x/Source/Templates/gcc_ride7/startup_stm32f10x_cl.o
                0x08000000                g_pfnVectors
                0x080001e4                . = ALIGN (0x4)
 *(.text)
 .text          0x080001e4       0xd0 build/libcpu/arm/cortex-m3/context_gcc.o
                0x080001e4                rt_hw_interrupt_disable
                0x080001ec                rt_hw_interrupt_enable
                0x080001f2                rt_hw_context_switch_interrupt
                0x080001f2                rt_hw_context_switch
                0x08000212                PendSV_Handler
                0x0800024e                rt_hw_context_switch_to
                0x0800027a                rt_hw_interrupt_thread_switch
                0x0800027e                HardFault_Handler
                0x08000292                rt_hw_interrupt_check
 *(.text.*)
 .text.led_thread_entry
                0x080002b4       0x2c build/bsp/application.o
 .text.usb_thread_entry
                0x080002e0       0x54 build/bsp/application.o
 .text.rt_init_thread_entry
                0x08000334       0x98 build/bsp/application.o
                0x08000334                rt_init_thread_entry
 .text.rt_application_init
                0x080003cc       0xd0 build/bsp/application.o
                0x080003cc                rt_application_init
 .text.rtthread_startup
                0x0800049c       0x4c build/bsp/startup.o
                0x0800049c                rtthread_startup
 .text.main     0x080004e8       0x24 build/bsp/startup.o
                0x080004e8                main
 .text.NVIC_SetPriority
                0x0800050c       0x5c build/bsp/board.o
 .text.SysTick_Config
                0x08000568       0x64 build/bsp/board.o
 .text.NVIC_Configuration
                0x080005cc       0x1c build/bsp/board.o
                0x080005cc                NVIC_Configuration
 .text.SysTick_Configuration
                0x080005e8       0x38 build/bsp/board.o
                0x080005e8                SysTick_Configuration
 .text.rt_hw_timer_handler
                0x08000620       0x14 build/bsp/board.o
                0x08000620                rt_hw_timer_handler
 .text.rt_hw_buzz_init
                0x08000634       0x40 build/bsp/board.o
                0x08000634                rt_hw_buzz_init
 .text.rt_hw_usb_init
                0x08000674       0xa4 build/bsp/board.o
                0x08000674                rt_hw_usb_init
 .text.rt_hw_board_init
                0x08000718       0x4c build/bsp/board.o
                0x08000718                rt_hw_board_init
 .text.NMI_Handler
                0x08000764        0xc build/bsp/stm32f10x_it.o
                0x08000764                NMI_Handler
 .text.MemManage_Handler
                0x08000770        0x8 build/bsp/stm32f10x_it.o
                0x08000770                MemManage_Handler
 .text.BusFault_Handler
                0x08000778        0x8 build/bsp/stm32f10x_it.o
                0x08000778                BusFault_Handler
 .text.UsageFault_Handler
                0x08000780        0x8 build/bsp/stm32f10x_it.o
                0x08000780                UsageFault_Handler
 .text.SVC_Handler
                0x08000788        0xc build/bsp/stm32f10x_it.o
                0x08000788                SVC_Handler
 .text.DebugMon_Handler
                0x08000794        0xc build/bsp/stm32f10x_it.o
                0x08000794                DebugMon_Handler
 .text.SysTick_Handler
                0x080007a0        0xc build/bsp/stm32f10x_it.o
                0x080007a0                SysTick_Handler
 .text.DMA1_Channel2_IRQHandler
                0x080007ac       0x30 build/bsp/stm32f10x_it.o
                0x080007ac                DMA1_Channel2_IRQHandler
 .text.USART1_IRQHandler
                0x080007dc        0xc build/bsp/stm32f10x_it.o
                0x080007dc                USART1_IRQHandler
 .text.USART2_IRQHandler
                0x080007e8       0x1c build/bsp/stm32f10x_it.o
                0x080007e8                USART2_IRQHandler
 .text.USART3_IRQHandler
                0x08000804       0x1c build/bsp/stm32f10x_it.o
                0x08000804                USART3_IRQHandler
 .text.UART4_IRQHandler
                0x08000820       0x1c build/bsp/stm32f10x_it.o
                0x08000820                UART4_IRQHandler
 .text.EXTI0_IRQHandler
                0x0800083c       0x1c build/bsp/stm32f10x_it.o
                0x0800083c                EXTI0_IRQHandler
 .text.EXTI15_10_IRQHandler
                0x08000858       0x14 build/bsp/stm32f10x_it.o
                0x08000858                EXTI15_10_IRQHandler
 .text.TIM2_IRQHandler
                0x0800086c       0x14 build/bsp/stm32f10x_it.o
                0x0800086c                TIM2_IRQHandler
 .text.TIM3_IRQHandler
                0x08000880       0x14 build/bsp/stm32f10x_it.o
                0x08000880                TIM3_IRQHandler
 .text.OTG_FS_IRQHandler
                0x08000894       0x1c build/bsp/stm32f10x_it.o
                0x08000894                OTG_FS_IRQHandler
 .text.rt_rtc_open
                0x080008b0       0x1c build/bsp/rtc.o
 .text.rt_rtc_read
                0x080008cc       0x20 build/bsp/rtc.o
 .text.rt_rtc_control
                0x080008ec       0xa4 build/bsp/rtc.o
 .text.RTC_Configuration
                0x08000990       0x88 build/bsp/rtc.o
                0x08000990                RTC_Configuration
 .text.rt_hw_rtc_init
                0x08000a18       0xe4 build/bsp/rtc.o
                0x08000a18                rt_hw_rtc_init
 .text.time     0x08000afc       0x4c build/bsp/rtc.o
                0x08000afc                time
 .text.SetCurrentDateTime
                0x08000b48       0xcc build/bsp/rtc.o
                0x08000b48                SetCurrentDateTime
 .text.GetCurrentDateTime
                0x08000c14       0xb8 build/bsp/rtc.o
                0x08000c14                GetCurrentDateTime
 .text.RCC_Configuration
                0x08000ccc       0x68 build/bsp/usart.o
 .text.GPIO_Configuration
                0x08000d34       0xd4 build/bsp/usart.o
 .text.NVIC_Configuration
                0x08000e08       0x64 build/bsp/usart.o
 .text.rt_hw_usart_init
                0x08000e6c      0x1b8 build/bsp/usart.o
                0x08000e6c                rt_hw_usart_init
 .text.rt_serial_init
                0x08001024      0x108 build/bsp/serial.o
 .text.rt_serial_open
                0x0800112c       0x1c build/bsp/serial.o
 .text.rt_serial_close
                0x08001148       0x18 build/bsp/serial.o
 .text.rt_serial_read
                0x08001160      0x100 build/bsp/serial.o
 .text.rt_serial_enable_dma
                0x08001260       0x68 build/bsp/serial.o
 .text.rt_serial_write
                0x080012c8      0x26c build/bsp/serial.o
 .text.rt_serial_control
                0x08001534       0x9c build/bsp/serial.o
 .text.rt_hw_serial_register
                0x080015d0      0x10c build/bsp/serial.o
                0x080015d0                rt_hw_serial_register
 .text.Handle_Gprs_Response
                0x080016dc       0xa0 build/bsp/serial.o
                0x080016dc                Handle_Gprs_Response
 .text.Handle_Gprs_DataServer_packet
                0x0800177c      0x1a4 build/bsp/serial.o
                0x0800177c                Handle_Gprs_DataServer_packet
 .text.rt_hw_serial_isr
                0x08001920      0xb80 build/bsp/serial.o
                0x08001920                rt_hw_serial_isr
 .text.rt_hw_serial_dma_tx_isr
                0x080024a0      0x114 build/bsp/serial.o
                0x080024a0                rt_hw_serial_dma_tx_isr
 .text.lcd_delay
                0x080025b4       0x48 build/bsp/lcd.o
                0x080025b4                lcd_delay
 .text.rt_hw_lcd_init
                0x080025fc       0x8c build/bsp/lcd.o
                0x080025fc                rt_hw_lcd_init
 .text.lcd_senddata
                0x08002688       0xac build/bsp/lcd.o
                0x08002688                lcd_senddata
 .text.lcd_write_cmdordata
                0x08002734       0x74 build/bsp/lcd.o
                0x08002734                lcd_write_cmdordata
 .text.lcd_set_column
                0x080027a8       0x44 build/bsp/lcd.o
                0x080027a8                lcd_set_column
 .text.lcd_Reset
                0x080027ec       0x38 build/bsp/lcd.o
                0x080027ec                lcd_Reset
 .text.rt_hw_lcd_clear
                0x08002824       0xc8 build/bsp/lcd.o
                0x08002824                rt_hw_lcd_clear
 .text.rt_hw_lcd_on
                0x080028ec       0x88 build/bsp/lcd.o
                0x080028ec                rt_hw_lcd_on
 .text.lcd_write_matrix
                0x08002974       0xa8 build/bsp/lcd.o
                0x08002974                lcd_write_matrix
 .text.lcd_clear
                0x08002a1c       0x24 build/bsp/lcd.o
                0x08002a1c                lcd_clear
 .text.rt_hw_led_init
                0x08002a40       0x3c build/bsp/led.o
                0x08002a40                rt_hw_led_init
 .text.rt_hw_led_off
                0x08002a7c       0x34 build/bsp/led.o
                0x08002a7c                rt_hw_led_off
 .text.Displaybaocun
                0x08002ab0       0x70 build/bsp/menu.o
                0x08002ab0                Displaybaocun
 .text.SaveDatatoUdisk
                0x08002b20       0x2c build/bsp/menu.o
                0x08002b20                SaveDatatoUdisk
 .text.PrintAllData
                0x08002b4c       0x70 build/bsp/menu.o
                0x08002b4c                PrintAllData
 .text.DisplayAutoCode
                0x08002bbc      0x148 build/bsp/menu.o
                0x08002bbc                DisplayAutoCode
 .text.DisplayAutoCodesort
                0x08002d04      0x144 build/bsp/menu.o
                0x08002d04                DisplayAutoCodesort
 .text.DisplayDriverCode1
                0x08002e48       0x78 build/bsp/menu.o
                0x08002e48                DisplayDriverCode1
 .text.DisplayDriverCode
                0x08002ec0       0x78 build/bsp/menu.o
                0x08002ec0                DisplayDriverCode
 .text.displayOverDriver
                0x08002f38      0x620 build/bsp/menu.o
                0x08002f38                displayOverDriver
 .text.DisplayMaichongxishu
                0x08003558      0x1ac build/bsp/menu.o
                0x08003558                DisplayMaichongxishu
 .text.Displaystatus
                0x08003704      0x1f8 build/bsp/menu.o
                0x08003704                Displaystatus
 .text.DisplayProductVersion
                0x080038fc       0xa8 build/bsp/menu.o
                0x080038fc                DisplayProductVersion
 .text.Get15MinAverageSpeed
                0x080039a4      0x3ac build/bsp/menu.o
                0x080039a4                Get15MinAverageSpeed
 .text.DisplayStartTime
                0x08003d50      0x314 build/bsp/menu.o
                0x08003d50                DisplayStartTime
 .text.DisplayEndTime
                0x08004064      0x314 build/bsp/menu.o
                0x08004064                DisplayEndTime
 .text.Display15MinAverageSpeed
                0x08004378      0x358 build/bsp/menu.o
                0x08004378                Display15MinAverageSpeed
 .text.DisplayWarnReg
                0x080046d0       0xf8 build/bsp/menu.o
                0x080046d0                DisplayWarnReg
 .text.DisplayCurrentNode
                0x080047c8      0x534 build/bsp/menu.o
                0x080047c8                DisplayCurrentNode
 .text.MenutKeyHandler
                0x08004cfc      0x254 build/bsp/menu.o
                0x08004cfc                MenutKeyHandler
 .text.SelectKeyHandler
                0x08004f50      0x3c8 build/bsp/menu.o
                0x08004f50                SelectKeyHandler
 .text.OKKeyHandler
                0x08005318      0x380 build/bsp/menu.o
                0x08005318                OKKeyHandler
 .text.ASCII2LCM
                0x08005698      0x44c build/bsp/menu.o
                0x08005698                ASCII2LCM
 .text.AutoCodeHZ2LCM
                0x08005ae4      0x5f4 build/bsp/menu.o
                0x08005ae4                AutoCodeHZ2LCM
 .text.BCD2LCM  0x080060d8       0xec build/bsp/menu.o
                0x080060d8                BCD2LCM
 .text.DisplayInteger
                0x080061c4      0x104 build/bsp/menu.o
                0x080061c4                DisplayInteger
 .text.DisplaySpeedDimensoin
                0x080062c8       0x88 build/bsp/menu.o
                0x080062c8                DisplaySpeedDimensoin
 .text.DisplayNormalUI
                0x08006350      0xa84 build/bsp/menu.o
                0x08006350                DisplayNormalUI
 .text.DisplayAlarm
                0x08006dd4      0x1b8 build/bsp/menu.o
                0x08006dd4                DisplayAlarm
 .text.USB_OTG_BSP_Init
                0x08006f8c       0x4c build/bsp/usb_bsp.o
                0x08006f8c                USB_OTG_BSP_Init
 .text.USB_OTG_BSP_EnableInterrupt
                0x08006fd8       0x3c build/bsp/usb_bsp.o
                0x08006fd8                USB_OTG_BSP_EnableInterrupt
 .text.USB_OTG_BSP_ConfigVBUS
                0x08007014       0x48 build/bsp/usb_bsp.o
                0x08007014                USB_OTG_BSP_ConfigVBUS
 .text.USB_OTG_BSP_TimeInit
                0x0800705c       0x50 build/bsp/usb_bsp.o
                0x0800705c                USB_OTG_BSP_TimeInit
 .text.USB_OTG_BSP_uDelay
                0x080070ac       0x1c build/bsp/usb_bsp.o
                0x080070ac                USB_OTG_BSP_uDelay
 .text.USB_OTG_BSP_mDelay
                0x080070c8       0x20 build/bsp/usb_bsp.o
                0x080070c8                USB_OTG_BSP_mDelay
 .text.USB_OTG_BSP_TimerIRQ
                0x080070e8       0x58 build/bsp/usb_bsp.o
                0x080070e8                USB_OTG_BSP_TimerIRQ
 .text.BSP_Delay
                0x08007140       0x44 build/bsp/usb_bsp.o
 .text.BSP_SetTime
                0x08007184       0x9c build/bsp/usb_bsp.o
 .text.USBH_USR_Init
                0x08007220       0x28 build/bsp/usbh_usr.o
                0x08007220                USBH_USR_Init
 .text.USBH_USR_DeviceAttached
                0x08007248       0x18 build/bsp/usbh_usr.o
                0x08007248                USBH_USR_DeviceAttached
 .text.USBH_USR_UnrecoveredError
                0x08007260        0xc build/bsp/usbh_usr.o
                0x08007260                USBH_USR_UnrecoveredError
 .text.USBH_USR_DeviceDisconnected
                0x0800726c       0x18 build/bsp/usbh_usr.o
                0x0800726c                USBH_USR_DeviceDisconnected
 .text.USBH_USR_ResetDevice
                0x08007284        0xc build/bsp/usbh_usr.o
                0x08007284                USBH_USR_ResetDevice
 .text.USBH_USR_DeviceSpeedDetected
                0x08007290       0x14 build/bsp/usbh_usr.o
                0x08007290                USBH_USR_DeviceSpeedDetected
 .text.USBH_USR_Device_DescAvailable
                0x080072a4       0x18 build/bsp/usbh_usr.o
                0x080072a4                USBH_USR_Device_DescAvailable
 .text.USBH_USR_DeviceAddressAssigned
                0x080072bc        0xc build/bsp/usbh_usr.o
                0x080072bc                USBH_USR_DeviceAddressAssigned
 .text.USBH_USR_Configuration_DescAvailable
                0x080072c8       0x20 build/bsp/usbh_usr.o
                0x080072c8                USBH_USR_Configuration_DescAvailable
 .text.USBH_USR_Manufacturer_String
                0x080072e8       0x14 build/bsp/usbh_usr.o
                0x080072e8                USBH_USR_Manufacturer_String
 .text.USBH_USR_Product_String
                0x080072fc       0x14 build/bsp/usbh_usr.o
                0x080072fc                USBH_USR_Product_String
 .text.USBH_USR_SerialNum_String
                0x08007310       0x14 build/bsp/usbh_usr.o
                0x08007310                USBH_USR_SerialNum_String
 .text.USBH_USR_EnumerationDone
                0x08007324        0xc build/bsp/usbh_usr.o
                0x08007324                USBH_USR_EnumerationDone
 .text.USBH_USR_DeviceNotSupported
                0x08007330        0xc build/bsp/usbh_usr.o
                0x08007330                USBH_USR_DeviceNotSupported
 .text.USBH_USR_UserInput
                0x0800733c       0x20 build/bsp/usbh_usr.o
                0x0800733c                USBH_USR_UserInput
 .text.USBH_USR_OverCurrentDetected
                0x0800735c        0xc build/bsp/usbh_usr.o
                0x0800735c                USBH_USR_OverCurrentDetected
 .text.USBH_USR_MSC_Application
                0x08007368      0x1d8 build/bsp/usbh_usr.o
                0x08007368                USBH_USR_MSC_Application
 .text.BCD2ASCLL
                0x08007540       0x3c build/bsp/usbh_usr.o
                0x08007540                BCD2ASCLL
 .text.Fillthefilename
                0x0800757c      0x288 build/bsp/usbh_usr.o
                0x0800757c                Fillthefilename
 .text.CacuTheChecksum
                0x08007804       0x50 build/bsp/usbh_usr.o
                0x08007804                CacuTheChecksum
 .text.WriteTheData
                0x08007854      0x244 build/bsp/usbh_usr.o
                0x08007854                WriteTheData
 .text.GettheBlock
                0x08007a98      0x344 build/bsp/usbh_usr.o
                0x08007a98                GettheBlock
 .text.FilltheBlock
                0x08007ddc       0xc8 build/bsp/usbh_usr.o
                0x08007ddc                FilltheBlock
 .text.FillthedataBlock
                0x08007ea4      0x5ec build/bsp/usbh_usr.o
                0x08007ea4                FillthedataBlock
 .text.FilltheTextBuff
                0x08008490       0x64 build/bsp/usbh_usr.o
                0x08008490                FilltheTextBuff
 .text.USBH_USR_DeInit
                0x080084f4       0x18 build/bsp/usbh_usr.o
                0x080084f4                USBH_USR_DeInit
 .text.rt_hw_EXTI_cfg
                0x0800850c       0x68 build/bsp/gpio_drv.o
                0x0800850c                rt_hw_EXTI_cfg
 .text.rt_hw_tim3_init
                0x08008574       0xa0 build/bsp/gpio_drv.o
                0x08008574                rt_hw_tim3_init
 .text.Time3_enalble
                0x08008614       0x50 build/bsp/gpio_drv.o
                0x08008614                Time3_enalble
 .text.rt_hw_gpio_init
                0x08008664      0x1e8 build/bsp/gpio_drv.o
                0x08008664                rt_hw_gpio_init
 .text.rt_public_pin_init
                0x0800884c      0x114 build/bsp/gpio_drv.o
                0x0800884c                rt_public_pin_init
 .text.rt_iwtdog_init
                0x08008960       0x34 build/bsp/gpio_drv.o
                0x08008960                rt_iwtdog_init
 .text.I2C_Master_BufferRead
                0x08008994      0x614 build/bsp/i2c_drv.o
                0x08008994                I2C_Master_BufferRead
 .text.I2C_LowLevel_Init
                0x08008fa8      0x160 build/bsp/i2c_drv.o
                0x08008fa8                I2C_LowLevel_Init
 .text.Char2BCD
                0x08009108       0x5c build/bsp/RS232.o
                0x08009108                Char2BCD
 .text.IncreaseTime
                0x08009164      0x224 build/bsp/RS232.o
                0x08009164                IncreaseTime
 .text.HaveTime
                0x08009388       0xb0 build/bsp/RS232.o
                0x08009388                HaveTime
 .text.PrepareTime
                0x08009438       0x88 build/bsp/RS232.o
                0x08009438                PrepareTime
 .text.WriteDataTxTime
                0x080094c0      0x170 build/bsp/RS232.o
                0x080094c0                WriteDataTxTime
 .text.UpLoad_DriverDistance
                0x08009630      0x1f4 build/bsp/RS232.o
                0x08009630                UpLoad_DriverDistance
 .text.UpLoad_DriverAutoInfo
                0x08009824      0x124 build/bsp/RS232.o
                0x08009824                UpLoad_DriverAutoInfo
 .text.UpLoad_StatusInfo
                0x08009948      0x158 build/bsp/RS232.o
                0x08009948                UpLoad_StatusInfo
 .text.UpLoad_Type
                0x08009aa0      0x11c build/bsp/RS232.o
                0x08009aa0                UpLoad_Type
 .text.UpLoad_BlockData
                0x08009bbc      0x664 build/bsp/RS232.o
                0x08009bbc                UpLoad_BlockData
 .text.UpLoad_ExVersion
                0x0800a220       0xcc build/bsp/RS232.o
                0x0800a220                UpLoad_ExVersion
 .text.UpLoad_DriverCode
                0x0800a2ec      0x110 build/bsp/RS232.o
                0x0800a2ec                UpLoad_DriverCode
 .text.UpLoad_RealTime
                0x0800a3fc       0xa8 build/bsp/RS232.o
                0x0800a3fc                UpLoad_RealTime
 .text.UpLoad_PulseCoff
                0x0800a4a4      0x13c build/bsp/RS232.o
                0x0800a4a4                UpLoad_PulseCoff
 .text.Set_DriverAutoInfo
                0x0800a5e0       0x68 build/bsp/RS232.o
                0x0800a5e0                Set_DriverAutoInfo
 .text.Set_Installtime
                0x0800a648       0x68 build/bsp/RS232.o
                0x0800a648                Set_Installtime
 .text.Set_SingalStatus
                0x0800a6b0       0x64 build/bsp/RS232.o
                0x0800a6b0                Set_SingalStatus
 .text.Set_Curtime
                0x0800a714       0x74 build/bsp/RS232.o
                0x0800a714                Set_Curtime
 .text.Set_PulseCoff
                0x0800a788       0x60 build/bsp/RS232.o
                0x0800a788                Set_PulseCoff
 .text.Set_StartDistance
                0x0800a7e8       0x9c build/bsp/RS232.o
                0x0800a7e8                Set_StartDistance
 .text.EnterVercationStatus
                0x0800a884       0x2c build/bsp/RS232.o
                0x0800a884                EnterVercationStatus
 .text.EnterMileStatus
                0x0800a8b0       0x28 build/bsp/RS232.o
                0x0800a8b0                EnterMileStatus
 .text.EnterPulsStatus
                0x0800a8d8       0x2c build/bsp/RS232.o
                0x0800a8d8                EnterPulsStatus
 .text.EnterTimeStatus
                0x0800a904       0x2c build/bsp/RS232.o
                0x0800a904                EnterTimeStatus
 .text.GetBackNormalStatus
                0x0800a930       0x1c build/bsp/RS232.o
                0x0800a930                GetBackNormalStatus
 .text.RS232UploadError
                0x0800a94c       0x84 build/bsp/RS232.o
                0x0800a94c                RS232UploadError
 .text.RS232SetSuccess
                0x0800a9d0       0xb0 build/bsp/RS232.o
                0x0800a9d0                RS232SetSuccess
 .text.Modify_LastUploadTime
                0x0800aa80       0x4c build/bsp/RS232.o
                0x0800aa80                Modify_LastUploadTime
 .text.rs232_handle_application
                0x0800aacc      0x754 build/bsp/RS232.o
                0x0800aacc                rs232_handle_application
 .text.BCD2Char
                0x0800b220       0x58 build/bsp/DataManager.o
                0x0800b220                BCD2Char
 .text.timechange
                0x0800b278       0x70 build/bsp/DataManager.o
                0x0800b278                timechange
 .text.WriteParameterTable
                0x0800b2e8       0x48 build/bsp/DataManager.o
                0x0800b2e8                WriteParameterTable
 .text.WritePartitionTable
                0x0800b330       0x58 build/bsp/DataManager.o
                0x0800b330                WritePartitionTable
 .text.InitializeTable
                0x0800b388      0x24c build/bsp/DataManager.o
                0x0800b388                InitializeTable
 .text.InitialValue
                0x0800b5d4       0x14 build/bsp/DataManager.o
                0x0800b5d4                InitialValue
 .text.Update4k
                0x0800b5e8       0x80 build/bsp/DataManager.o
                0x0800b5e8                Update4k
 .text.AddPointer
                0x0800b668       0x70 build/bsp/DataManager.o
                0x0800b668                AddPointer
 .text.MovePtablePtr
                0x0800b6d8       0x58 build/bsp/DataManager.o
                0x0800b6d8                MovePtablePtr
 .text.WriteRecordData2Flash
                0x0800b730      0x194 build/bsp/DataManager.o
                0x0800b730                WriteRecordData2Flash
 .text.ValueStatusHandler
                0x0800b8c4      0x60c build/bsp/DataManager.o
                0x0800b8c4                ValueStatusHandler
 .text.AlarmHandler
                0x0800bed0       0xe0 build/bsp/DataManager.o
                0x0800bed0                AlarmHandler
 .text.BaseDataHandler
                0x0800bfb0      0x2b8 build/bsp/DataManager.o
                0x0800bfb0                BaseDataHandler
 .text.LocationHandler
                0x0800c268      0x2bc build/bsp/DataManager.o
                0x0800c268                LocationHandler
 .text.OverDriverHandler
                0x0800c524      0x174 build/bsp/DataManager.o
                0x0800c524                OverDriverHandler
 .text.DoubltPointHandler
                0x0800c698      0x1d0 build/bsp/DataManager.o
                0x0800c698                DoubltPointHandler
 .text.DrvierRegisterHandler
                0x0800c868      0x148 build/bsp/DataManager.o
                0x0800c868                DrvierRegisterHandler
 .text.PowerHandle
                0x0800c9b0       0xbc build/bsp/DataManager.o
                0x0800c9b0                PowerHandle
 .text.ModifyHandle
                0x0800ca6c       0x90 build/bsp/DataManager.o
                0x0800ca6c                ModifyHandle
 .text.JournalHandle
                0x0800cafc      0x1d0 build/bsp/DataManager.o
                0x0800cafc                JournalHandle
 .text.Getthepluse
                0x0800cccc       0x40 build/bsp/GetData.o
                0x0800cccc                Getthepluse
 .text.ComputeSpeed
                0x0800cd0c       0xa0 build/bsp/GetData.o
                0x0800cd0c                ComputeSpeed
 .text.GetSpeedandTime
                0x0800cdac      0x3e8 build/bsp/GetData.o
                0x0800cdac                GetSpeedandTime
 .text.Time3_irg_handler
                0x0800d194      0x500 build/bsp/GetData.o
                0x0800d194                Time3_irg_handler
 .text.ASCII2char
                0x0800d694       0x34 build/bsp/GetData.o
                0x0800d694                ASCII2char
 .text.CountTime
                0x0800d6c8       0x3c build/bsp/GetData.o
                0x0800d6c8                CountTime
 .text.GetTheGPSTime
                0x0800d704      0x12c build/bsp/GetData.o
                0x0800d704                GetTheGPSTime
 .text.GetGPSLocation1
                0x0800d830       0x68 build/bsp/GetData.o
                0x0800d830                GetGPSLocation1
 .text.GetGPSLocation2
                0x0800d898       0x6c build/bsp/GetData.o
                0x0800d898                GetGPSLocation2
 .text.GetGPSLocation3
                0x0800d904       0x9c build/bsp/GetData.o
                0x0800d904                GetGPSLocation3
 .text.GetGPSSpeed
                0x0800d9a0       0x7c build/bsp/GetData.o
                0x0800d9a0                GetGPSSpeed
 .text.GettheSinaldata
                0x0800da1c       0x64 build/bsp/GetData.o
                0x0800da1c                GettheSinaldata
 .text.KepPressHandler
                0x0800da80       0xd0 build/bsp/GetData.o
                0x0800da80                KepPressHandler
 .text.keyscanhandler
                0x0800db50      0x1a0 build/bsp/GetData.o
                0x0800db50                keyscanhandler
 .text.FillGprsSendbuff
                0x0800dcf0      0x3a4 build/bsp/GetData.o
                0x0800dcf0                FillGprsSendbuff
 .text.GetAuthData
                0x0800e094       0x88 build/bsp/GetData.o
                0x0800e094                GetAuthData
 .text.filedevsenddata
                0x0800e11c      0x3a0 build/bsp/GetData.o
                0x0800e11c                filedevsenddata
 .text.FillthegprssendBlock
                0x0800e4bc      0x5bc build/bsp/GetData.o
                0x0800e4bc                FillthegprssendBlock
 .text.UpdataWebDataHandle
                0x0800ea78      0x1f8 build/bsp/GetData.o
                0x0800ea78                UpdataWebDataHandle
 .text.GetServerDatahandle
                0x0800ec70      0x114 build/bsp/GetData.o
                0x0800ec70                GetServerDatahandle
 .text.Gprs_Cn_handle
                0x0800ed84       0x88 build/bsp/GetData.o
                0x0800ed84                Gprs_Cn_handle
 .text.Gprs_tranfer
                0x0800ee0c       0xf8 build/bsp/GetData.o
                0x0800ee0c                Gprs_tranfer
 .text.GPRS_Handle
                0x0800ef04       0xfc build/bsp/GetData.o
                0x0800ef04                GPRS_Handle
 .text.GetTheDriverNumber
                0x0800f000       0x38 build/bsp/GetData.o
                0x0800f000                GetTheDriverNumber
 .text.IckaHandler
                0x0800f038      0x228 build/bsp/GetData.o
                0x0800f038                IckaHandler
 .text.AutoCodeHZ2Print
                0x0800f260      0x768 build/bsp/printer.o
                0x0800f260                AutoCodeHZ2Print
 .text.ASCII2Print
                0x0800f9c8      0x36c build/bsp/printer.o
                0x0800f9c8                ASCII2Print
 .text.PrinAutoCode
                0x0800fd34       0xf4 build/bsp/printer.o
                0x0800fd34                PrinAutoCode
 .text.PrinAutoCodeDiff
                0x0800fe28       0xf4 build/bsp/printer.o
                0x0800fe28                PrinAutoCodeDiff
 .text.PrinterOnelinePoint
                0x0800ff1c      0x110 build/bsp/printer.o
                0x0800ff1c                PrinterOnelinePoint
 .text.Print1line
                0x0801002c      0x13c build/bsp/printer.o
                0x0801002c                Print1line
 .text.printhaoma
                0x08010168      0x1e4 build/bsp/printer.o
                0x08010168                printhaoma
 .text.printfenlei
                0x0801034c      0x1e4 build/bsp/printer.o
                0x0801034c                printfenlei
 .text.printJSZ
                0x08010530      0x280 build/bsp/printer.o
                0x08010530                printJSZ
 .text.printspeed
                0x080107b0      0x12c build/bsp/printer.o
                0x080107b0                printspeed
 .text.FTimebuff
                0x080108dc      0x418 build/bsp/printer.o
                0x080108dc                FTimebuff
 .text.printTime
                0x08010cf4      0x17c build/bsp/printer.o
                0x08010cf4                printTime
 .text.printRecord
                0x08010e70     0x12e4 build/bsp/printer.o
                0x08010e70                printRecord
 .text.printOverRecord
                0x08012154      0x2c4 build/bsp/printer.o
                0x08012154                printOverRecord
 .text.printsign
                0x08012418       0xd0 build/bsp/printer.o
                0x08012418                printsign
 .text.printer  0x080124e8       0x60 build/bsp/printer.o
                0x080124e8                printer
 .text.printer_pwr_ctrl
                0x08012548       0x6c build/bsp/printer.o
                0x08012548                printer_pwr_ctrl
 .text.rt_hw_printer_init
                0x080125b4       0x88 build/bsp/printer.o
                0x080125b4                rt_hw_printer_init
 .text.rt_hw_dac_init
                0x0801263c       0x60 build/bsp/WarmVol.o
                0x0801263c                rt_hw_dac_init
 .text.PlayVol  0x0801269c       0xa0 build/bsp/WarmVol.o
 .text.playVolWarm1
                0x0801273c       0x18 build/bsp/WarmVol.o
                0x0801273c                playVolWarm1
 .text.playVolWarm2
                0x08012754       0x18 build/bsp/WarmVol.o
                0x08012754                playVolWarm2
 .text.playVolWarm3
                0x0801276c       0x18 build/bsp/WarmVol.o
                0x0801276c                playVolWarm3
 .text.dataflash_delay
                0x08012784       0x2c build/bsp/atmel_dataflash.o
                0x08012784                dataflash_delay
 .text.Flah_Chip_Select
                0x080127b0       0x84 build/bsp/atmel_dataflash.o
                0x080127b0                Flah_Chip_Select
 .text.DATAFLASH_Init
                0x08012834       0x40 build/bsp/atmel_dataflash.o
                0x08012834                DATAFLASH_Init
 .text.DATAFLASH_ChangProtectStatus
                0x08012874       0x60 build/bsp/atmel_dataflash.o
                0x08012874                DATAFLASH_ChangProtectStatus
 .text.DATAFLASH_GetStatusREG
                0x080128d4       0xac build/bsp/atmel_dataflash.o
                0x080128d4                DATAFLASH_GetStatusREG
 .text.DATAFLASH_GetDeviceID
                0x08012980       0xd0 build/bsp/atmel_dataflash.o
                0x08012980                DATAFLASH_GetDeviceID
 .text.DATAFLASH_WriteByte
                0x08012a50       0x34 build/bsp/atmel_dataflash.o
                0x08012a50                DATAFLASH_WriteByte
 .text.DATAFLASH_ReadByte
                0x08012a84       0x58 build/bsp/atmel_dataflash.o
                0x08012a84                DATAFLASH_ReadByte
 .text.SPI_Config
                0x08012adc      0x168 build/bsp/atmel_dataflash.o
 .text.SPI_FLASH_Sector4kErase
                0x08012c44       0x98 build/bsp/atmel_dataflash.o
                0x08012c44                SPI_FLASH_Sector4kErase
 .text.SPI_FLASH_PageWrite
                0x08012cdc       0xbc build/bsp/atmel_dataflash.o
                0x08012cdc                SPI_FLASH_PageWrite
 .text.SPI_FLASH_BufferWrite
                0x08012d98      0x19c build/bsp/atmel_dataflash.o
                0x08012d98                SPI_FLASH_BufferWrite
 .text.SPI_FLASH_BufferRead
                0x08012f34       0xbc build/bsp/atmel_dataflash.o
                0x08012f34                SPI_FLASH_BufferRead
 .text.SPI_FLASH_SendByte
                0x08012ff0       0x50 build/bsp/atmel_dataflash.o
                0x08012ff0                SPI_FLASH_SendByte
 .text.SPI_FLASH_WriteEnable
                0x08013040       0x38 build/bsp/atmel_dataflash.o
                0x08013040                SPI_FLASH_WriteEnable
 .text.SPI_FLASH_WaitForWriteEnd
                0x08013078       0x50 build/bsp/atmel_dataflash.o
                0x08013078                SPI_FLASH_WaitForWriteEnd
 .text.rt_dataflash_init
                0x080130c8       0x18 build/bsp/atmel_dataflash.o
 .text.rt_dataflash_open
                0x080130e0       0x1c build/bsp/atmel_dataflash.o
 .text.rt_dataflash_close
                0x080130fc       0x18 build/bsp/atmel_dataflash.o
 .text.rt_dataflash_read
                0x08013114       0x58 build/bsp/atmel_dataflash.o
 .text.rt_dataflash_write
                0x0801316c       0x58 build/bsp/atmel_dataflash.o
 .text.rt_dataflash_control
                0x080131c4       0x20 build/bsp/atmel_dataflash.o
 .text.rt_hw_dataflash_init
                0x080131e4       0xe4 build/bsp/atmel_dataflash.o
                0x080131e4                rt_hw_dataflash_init
 .text.rt_system_tick_init
                0x080132c8       0x18 build/src/clock.o
                0x080132c8                rt_system_tick_init
 .text.rt_tick_get
                0x080132e0       0x18 build/src/clock.o
                0x080132e0                rt_tick_get
 .text.rt_tick_increase
                0x080132f8       0x50 build/src/clock.o
                0x080132f8                rt_tick_increase
 .text.rt_device_register
                0x08013348       0x3c build/src/device.o
                0x08013348                rt_device_register
 .text.rt_device_init_all
                0x08013384       0x84 build/src/device.o
                0x08013384                rt_device_init_all
 .text.rt_device_find
                0x08013408       0x84 build/src/device.o
                0x08013408                rt_device_find
 .text.rt_device_open
                0x0801348c       0xec build/src/device.o
                0x0801348c                rt_device_open
 .text.rt_device_close
                0x08013578       0x7c build/src/device.o
                0x08013578                rt_device_close
 .text.rt_device_write
                0x080135f4       0x74 build/src/device.o
                0x080135f4                rt_device_write
 .text.rt_device_control
                0x08013668       0x6c build/src/device.o
                0x08013668                rt_device_control
 .text.rt_list_remove
                0x080136d4       0x34 build/src/idle.o
 .text.rt_list_isempty
                0x08013708       0x24 build/src/idle.o
 .text.rt_thread_idle_excute
                0x0801372c       0xf0 build/src/idle.o
                0x0801372c                rt_thread_idle_excute
 .text.rt_thread_idle_entry
                0x0801381c       0x28 build/src/idle.o
 .text.rt_thread_idle_init
                0x08013844       0x54 build/src/idle.o
                0x08013844                rt_thread_idle_init
 .text.rt_list_init
                0x08013898       0x20 build/src/ipc.o
 .text.rt_list_insert_before
                0x080138b8       0x30 build/src/ipc.o
 .text.rt_list_isempty
                0x080138e8       0x24 build/src/ipc.o
 .text.rt_ipc_object_init
                0x0801390c       0x24 build/src/ipc.o
 .text.rt_ipc_list_suspend
                0x08013930       0x9c build/src/ipc.o
 .text.rt_ipc_list_resume
                0x080139cc       0x28 build/src/ipc.o
 .text.rt_sem_init
                0x080139f4       0x74 build/src/ipc.o
                0x080139f4                rt_sem_init
 .text.rt_sem_take
                0x08013a68      0x178 build/src/ipc.o
                0x08013a68                rt_sem_take
 .text.rt_sem_release
                0x08013be0       0x80 build/src/ipc.o
                0x08013be0                rt_sem_release
 .text.rt_mutex_init
                0x08013c60       0x8c build/src/ipc.o
                0x08013c60                rt_mutex_init
 .text.rt_mutex_take
                0x08013cec      0x1e4 build/src/ipc.o
                0x08013cec                rt_mutex_take
 .text.rt_mutex_release
                0x08013ed0      0x11c build/src/ipc.o
                0x08013ed0                rt_mutex_release
 .text.rt_interrupt_enter
                0x08013fec       0x38 build/src/irq.o
                0x08013fec                rt_interrupt_enter
 .text.rt_interrupt_leave
                0x08014024       0x38 build/src/irq.o
                0x08014024                rt_interrupt_leave
 .text.rt_interrupt_get_nest
                0x0801405c       0x18 build/src/irq.o
                0x0801405c                rt_interrupt_get_nest
 .text.rt_set_errno
                0x08014074       0x48 build/src/kservice.o
                0x08014074                rt_set_errno
 .text.rt_memset
                0x080140bc       0xe8 build/src/kservice.o
                0x080140bc                memset
                0x080140bc                rt_memset
 .text.rt_memcpy
                0x080141a4      0x118 build/src/kservice.o
                0x080141a4                memcpy
                0x080141a4                rt_memcpy
 .text.rt_memcmp
                0x080142bc       0x60 build/src/kservice.o
                0x080142bc                memcmp
                0x080142bc                rt_memcmp
 .text.rt_strncpy
                0x0801431c       0x84 build/src/kservice.o
                0x0801431c                rt_strncpy
 .text.rt_strncmp
                0x080143a0       0x70 build/src/kservice.o
                0x080143a0                rt_strncmp
 .text.rt_strlen
                0x08014410       0x30 build/src/kservice.o
                0x08014410                rt_strlen
                0x08014410                strlen
 .text.divide   0x08014440       0x7c build/src/kservice.o
 .text.skip_atoi
                0x080144bc       0x4c build/src/kservice.o
 .text.print_number
                0x08014508      0x1f4 build/src/kservice.o
 .text.vsnprintf
                0x080146fc      0x5a4 build/src/kservice.o
 .text.rt_snprintf
                0x08014ca0       0x34 build/src/kservice.o
                0x08014ca0                snprintf
                0x08014ca0                rt_snprintf
 .text.rt_console_set_device
                0x08014cd4       0x6c build/src/kservice.o
                0x08014cd4                rt_console_set_device
 .text.rt_hw_console_output
                0x08014d40       0x14 build/src/kservice.o
                0x08014d40                rt_hw_console_output
 .text.rt_kprintf
                0x08014d54       0x70 build/src/kservice.o
                0x08014d54                rt_kprintf
 .text.plug_holes
                0x08014dc4      0x1a0 build/src/mem.o
 .text.rt_system_heap_init
                0x08014f64      0x1a0 build/src/mem.o
                0x08014f64                rt_system_heap_init
 .text.rt_malloc
                0x08015104      0x40c build/src/mem.o
                0x08015104                rt_malloc
 .text.rt_free  0x08015510      0x22c build/src/mem.o
                0x08015510                rt_free
 .text.rt_list_init
                0x0801573c       0x20 build/src/mempool.o
 .text.rt_list_insert_after
                0x0801575c       0x30 build/src/mempool.o
 .text.rt_mp_init
                0x0801578c      0x10c build/src/mempool.o
                0x0801578c                rt_mp_init
 .text.rt_mp_alloc
                0x08015898      0x170 build/src/mempool.o
                0x08015898                rt_mp_alloc
 .text.rt_mp_free
                0x08015a08       0x9c build/src/mempool.o
                0x08015a08                rt_mp_free
 .text.rt_list_insert_after
                0x08015aa4       0x30 build/src/object.o
 .text.rt_list_remove
                0x08015ad4       0x34 build/src/object.o
 .text.rt_system_object_init
                0x08015b08        0xc build/src/object.o
                0x08015b08                rt_system_object_init
 .text.rt_object_init
                0x08015b14       0x80 build/src/object.o
                0x08015b14                rt_object_init
 .text.rt_object_detach
                0x08015b94       0x78 build/src/object.o
                0x08015b94                rt_object_detach
 .text.rt_object_allocate
                0x08015c0c       0xf4 build/src/object.o
                0x08015c0c                rt_object_allocate
 .text.rt_object_delete
                0x08015d00       0xb8 build/src/object.o
                0x08015d00                rt_object_delete
 .text.rt_object_is_systemobject
                0x08015db8       0x5c build/src/object.o
                0x08015db8                rt_object_is_systemobject
 .text.rt_list_init
                0x08015e14       0x20 build/src/scheduler.o
 .text.rt_list_insert_before
                0x08015e34       0x30 build/src/scheduler.o
 .text.rt_list_remove
                0x08015e64       0x34 build/src/scheduler.o
 .text.rt_list_isempty
                0x08015e98       0x24 build/src/scheduler.o
 .text._rt_scheduler_stack_check
                0x08015ebc       0xac build/src/scheduler.o
 .text.rt_system_scheduler_init
                0x08015f68       0x70 build/src/scheduler.o
                0x08015f68                rt_system_scheduler_init
 .text.rt_system_scheduler_start
                0x08015fd8       0xdc build/src/scheduler.o
                0x08015fd8                rt_system_scheduler_start
 .text.rt_schedule
                0x080160b4      0x184 build/src/scheduler.o
                0x080160b4                rt_schedule
 .text.rt_schedule_insert_thread
                0x08016238       0x98 build/src/scheduler.o
                0x08016238                rt_schedule_insert_thread
 .text.rt_schedule_remove_thread
                0x080162d0       0x9c build/src/scheduler.o
                0x080162d0                rt_schedule_remove_thread
 .text.rt_enter_critical
                0x0801636c       0x2c build/src/scheduler.o
                0x0801636c                rt_enter_critical
 .text.rt_exit_critical
                0x08016398       0x58 build/src/scheduler.o
                0x08016398                rt_exit_critical
 .text.rt_list_init
                0x080163f0       0x20 build/src/thread.o
 .text.rt_list_insert_after
                0x08016410       0x30 build/src/thread.o
 .text.rt_list_insert_before
                0x08016440       0x30 build/src/thread.o
 .text.rt_list_remove
                0x08016470       0x34 build/src/thread.o
 .text._rt_thread_init
                0x080164a4      0x124 build/src/thread.o
 .text.rt_thread_init
                0x080165c8       0xac build/src/thread.o
                0x080165c8                rt_thread_init
 .text.rt_thread_create
                0x08016674       0x6c build/src/thread.o
                0x08016674                rt_thread_create
 .text.rt_thread_self
                0x080166e0       0x18 build/src/thread.o
                0x080166e0                rt_thread_self
 .text.rt_thread_startup
                0x080166f8       0xc0 build/src/thread.o
                0x080166f8                rt_thread_startup
 .text.rt_thread_exit
                0x080167b8       0x84 build/src/thread.o
 .text.rt_thread_delete
                0x0801683c       0x88 build/src/thread.o
                0x0801683c                rt_thread_delete
 .text.rt_thread_yield
                0x080168c4       0x80 build/src/thread.o
                0x080168c4                rt_thread_yield
 .text.rt_thread_sleep
                0x08016944       0xa0 build/src/thread.o
                0x08016944                rt_thread_sleep
 .text.rt_thread_delay
                0x080169e4       0x1c build/src/thread.o
                0x080169e4                rt_thread_delay
 .text.rt_thread_control
                0x08016a00       0xd8 build/src/thread.o
                0x08016a00                rt_thread_control
 .text.rt_thread_suspend
                0x08016ad8       0x78 build/src/thread.o
                0x08016ad8                rt_thread_suspend
 .text.rt_thread_resume
                0x08016b50       0x98 build/src/thread.o
                0x08016b50                rt_thread_resume
 .text.rt_thread_timeout
                0x08016be8       0xa0 build/src/thread.o
                0x08016be8                rt_thread_timeout
 .text.rt_list_init
                0x08016c88       0x20 build/src/timer.o
 .text.rt_list_insert_before
                0x08016ca8       0x30 build/src/timer.o
 .text.rt_list_remove
                0x08016cd8       0x34 build/src/timer.o
 .text.rt_list_isempty
                0x08016d0c       0x24 build/src/timer.o
 .text._rt_timer_init
                0x08016d30       0x50 build/src/timer.o
 .text.rt_timer_init
                0x08016d80       0x68 build/src/timer.o
                0x08016d80                rt_timer_init
 .text.rt_timer_detach
                0x08016de8       0x68 build/src/timer.o
                0x08016de8                rt_timer_detach
 .text.rt_timer_start
                0x08016e50      0x148 build/src/timer.o
                0x08016e50                rt_timer_start
 .text.rt_timer_control
                0x08016f98       0xa4 build/src/timer.o
                0x08016f98                rt_timer_control
 .text.rt_timer_check
                0x0801703c       0xd4 build/src/timer.o
                0x0801703c                rt_timer_check
 .text.rt_system_timer_init
                0x08017110       0x14 build/src/timer.o
                0x08017110                rt_system_timer_init
 .text.rt_system_timer_thread_init
                0x08017124        0xc build/src/timer.o
                0x08017124                rt_system_timer_thread_init
 .text.rt_hw_stack_init
                0x08017130      0x114 build/libcpu/arm/cortex-m3/cpuport.o
                0x08017130                rt_hw_stack_init
 .text.rt_hw_hard_fault_exception
                0x08017244       0xb4 build/libcpu/arm/cortex-m3/cpuport.o
                0x08017244                rt_hw_hard_fault_exception
 .text.dfs_init
                0x080172f8       0x5c build/components/dfs/src/dfs.o
                0x080172f8                dfs_init
 .text.dfs_lock
                0x08017354       0x54 build/components/dfs/src/dfs.o
                0x08017354                dfs_lock
 .text.dfs_unlock
                0x080173a8       0x14 build/components/dfs/src/dfs.o
                0x080173a8                dfs_unlock
 .text.dfs_register
                0x080173bc       0xbc build/components/dfs/src/dfs_fs.o
                0x080173bc                dfs_register
 .text.elm_result_to_dfs
                0x08017478       0xa0 build/components/dfs/filesystems/elmfat/dfs_elm.o
 .text.dfs_elm_mount
                0x08017518       0xa8 build/components/dfs/filesystems/elmfat/dfs_elm.o
                0x08017518                dfs_elm_mount
 .text.dfs_elm_unmount
                0x080175c0       0xbc build/components/dfs/filesystems/elmfat/dfs_elm.o
                0x080175c0                dfs_elm_unmount
 .text.dfs_elm_mkfs
                0x0801767c       0x98 build/components/dfs/filesystems/elmfat/dfs_elm.o
                0x0801767c                dfs_elm_mkfs
 .text.dfs_elm_statfs
                0x08017714      0x104 build/components/dfs/filesystems/elmfat/dfs_elm.o
                0x08017714                dfs_elm_statfs
 .text.dfs_elm_open
                0x08017818      0x17c build/components/dfs/filesystems/elmfat/dfs_elm.o
                0x08017818                dfs_elm_open
 .text.dfs_elm_close
                0x08017994       0xc4 build/components/dfs/filesystems/elmfat/dfs_elm.o
                0x08017994                dfs_elm_close
 .text.dfs_elm_ioctl
                0x08017a58       0x1c build/components/dfs/filesystems/elmfat/dfs_elm.o
                0x08017a58                dfs_elm_ioctl
 .text.dfs_elm_read
                0x08017a74       0x90 build/components/dfs/filesystems/elmfat/dfs_elm.o
                0x08017a74                dfs_elm_read
 .text.dfs_elm_write
                0x08017b04       0x98 build/components/dfs/filesystems/elmfat/dfs_elm.o
                0x08017b04                dfs_elm_write
 .text.dfs_elm_flush
                0x08017b9c       0x60 build/components/dfs/filesystems/elmfat/dfs_elm.o
                0x08017b9c                dfs_elm_flush
 .text.dfs_elm_lseek
                0x08017bfc       0xf4 build/components/dfs/filesystems/elmfat/dfs_elm.o
                0x08017bfc                dfs_elm_lseek
 .text.dfs_elm_getdents
                0x08017cf0      0x1a0 build/components/dfs/filesystems/elmfat/dfs_elm.o
                0x08017cf0                dfs_elm_getdents
 .text.dfs_elm_unlink
                0x08017e90       0x2c build/components/dfs/filesystems/elmfat/dfs_elm.o
                0x08017e90                dfs_elm_unlink
 .text.dfs_elm_rename
                0x08017ebc       0x34 build/components/dfs/filesystems/elmfat/dfs_elm.o
                0x08017ebc                dfs_elm_rename
 .text.dfs_elm_stat
                0x08017ef0       0xc8 build/components/dfs/filesystems/elmfat/dfs_elm.o
                0x08017ef0                dfs_elm_stat
 .text.elm_init
                0x08017fb8       0x18 build/components/dfs/filesystems/elmfat/dfs_elm.o
                0x08017fb8                elm_init
 .text.get_fattime
                0x08017fd0       0x10 build/components/dfs/filesystems/elmfat/dfs_elm.o
                0x08017fd0                get_fattime
 .text.mem_cpy  0x08017fe0       0x78 build/components/dfs/filesystems/elmfat/ff.o
 .text.mem_set  0x08018058       0x44 build/components/dfs/filesystems/elmfat/ff.o
 .text.mem_cmp  0x0801809c       0x70 build/components/dfs/filesystems/elmfat/ff.o
 .text.chk_chr  0x0801810c       0x38 build/components/dfs/filesystems/elmfat/ff.o
 .text.move_window
                0x08018144       0xd4 build/components/dfs/filesystems/elmfat/ff.o
 .text.sync     0x08018218       0xe0 build/components/dfs/filesystems/elmfat/ff.o
 .text.clust2sect
                0x080182f8       0x44 build/components/dfs/filesystems/elmfat/ff.o
                0x080182f8                clust2sect
 .text.get_fat  0x0801833c      0x160 build/components/dfs/filesystems/elmfat/ff.o
                0x0801833c                get_fat
 .text.put_fat  0x0801849c      0x1e4 build/components/dfs/filesystems/elmfat/ff.o
                0x0801849c                put_fat
 .text.remove_chain
                0x08018680       0xb0 build/components/dfs/filesystems/elmfat/ff.o
 .text.create_chain
                0x08018730      0x12c build/components/dfs/filesystems/elmfat/ff.o
 .text.clmt_clust
                0x0801885c       0x70 build/components/dfs/filesystems/elmfat/ff.o
 .text.dir_sdi  0x080188cc      0x118 build/components/dfs/filesystems/elmfat/ff.o
 .text.dir_next
                0x080189e4      0x1dc build/components/dfs/filesystems/elmfat/ff.o
 .text.cmp_lfn  0x08018bc0       0xdc build/components/dfs/filesystems/elmfat/ff.o
 .text.pick_lfn
                0x08018c9c       0xcc build/components/dfs/filesystems/elmfat/ff.o
 .text.fit_lfn  0x08018d68       0xe0 build/components/dfs/filesystems/elmfat/ff.o
 .text.gen_numname
                0x08018e48      0x138 build/components/dfs/filesystems/elmfat/ff.o
                0x08018e48                gen_numname
 .text.sum_sfn  0x08018f80       0x50 build/components/dfs/filesystems/elmfat/ff.o
 .text.dir_find
                0x08018fd0      0x170 build/components/dfs/filesystems/elmfat/ff.o
 .text.dir_read
                0x08019140      0x148 build/components/dfs/filesystems/elmfat/ff.o
 .text.dir_register
                0x08019288      0x2b0 build/components/dfs/filesystems/elmfat/ff.o
 .text.dir_remove
                0x08019538       0xa0 build/components/dfs/filesystems/elmfat/ff.o
 .text.create_name
                0x080195d8      0x454 build/components/dfs/filesystems/elmfat/ff.o
 .text.get_fileinfo
                0x08019a2c      0x1f4 build/components/dfs/filesystems/elmfat/ff.o
 .text.follow_path
                0x08019c20       0xec build/components/dfs/filesystems/elmfat/ff.o
 .text.check_fs
                0x08019d0c       0x94 build/components/dfs/filesystems/elmfat/ff.o
 .text.chk_mounted
                0x08019da0      0x448 build/components/dfs/filesystems/elmfat/ff.o
 .text.validate
                0x0801a1e8       0x54 build/components/dfs/filesystems/elmfat/ff.o
 .text.f_mount  0x0801a23c       0x64 build/components/dfs/filesystems/elmfat/ff.o
                0x0801a23c                f_mount
 .text.f_open   0x0801a2a0      0x270 build/components/dfs/filesystems/elmfat/ff.o
                0x0801a2a0                f_open
 .text.f_read   0x0801a510      0x304 build/components/dfs/filesystems/elmfat/ff.o
                0x0801a510                f_read
 .text.f_write  0x0801a814      0x368 build/components/dfs/filesystems/elmfat/ff.o
                0x0801a814                f_write
 .text.f_sync   0x0801ab7c      0x118 build/components/dfs/filesystems/elmfat/ff.o
                0x0801ab7c                f_sync
 .text.f_close  0x0801ac94       0x2c build/components/dfs/filesystems/elmfat/ff.o
                0x0801ac94                f_close
 .text.f_lseek  0x0801acc0      0x50c build/components/dfs/filesystems/elmfat/ff.o
                0x0801acc0                f_lseek
 .text.f_opendir
                0x0801b1cc       0xc4 build/components/dfs/filesystems/elmfat/ff.o
                0x0801b1cc                f_opendir
 .text.f_readdir
                0x0801b290       0xa8 build/components/dfs/filesystems/elmfat/ff.o
                0x0801b290                f_readdir
 .text.f_seekdir
                0x0801b338       0x24 build/components/dfs/filesystems/elmfat/ff.o
                0x0801b338                f_seekdir
 .text.f_stat   0x0801b35c       0x84 build/components/dfs/filesystems/elmfat/ff.o
                0x0801b35c                f_stat
 .text.f_getfree
                0x0801b3e0      0x19c build/components/dfs/filesystems/elmfat/ff.o
                0x0801b3e0                f_getfree
 .text.f_unlink
                0x0801b57c      0x188 build/components/dfs/filesystems/elmfat/ff.o
                0x0801b57c                f_unlink
 .text.f_mkdir  0x0801b704      0x27c build/components/dfs/filesystems/elmfat/ff.o
                0x0801b704                f_mkdir
 .text.f_rename
                0x0801b980      0x208 build/components/dfs/filesystems/elmfat/ff.o
                0x0801b980                f_rename
 .text.f_mkfs   0x0801bb88      0x784 build/components/dfs/filesystems/elmfat/ff.o
                0x0801bb88                f_mkfs
 .text.ff_convert
                0x0801c30c       0xd4 build/components/dfs/filesystems/elmfat/option/cc936.o
                0x0801c30c                ff_convert
 .text.ff_wtoupper
                0x0801c3e0       0x70 build/components/dfs/filesystems/elmfat/option/cc936.o
                0x0801c3e0                ff_wtoupper
 .text.strcmp   0x0801c450       0x48 build/components/libc/minilibc/string.o
                0x0801c450                strcmp
 .text.__isleap
                0x0801c498       0x74 build/components/libc/minilibc/time.o
                0x0801c498                __isleap
 .text.gmtime_r
                0x0801c50c      0x1a4 build/components/libc/minilibc/time.o
                0x0801c50c                gmtime_r
 .text.localtime_r
                0x0801c6b0       0x68 build/components/libc/minilibc/time.o
                0x0801c6b0                localtime_r
 .text.localtime
                0x0801c718       0x24 build/components/libc/minilibc/time.o
                0x0801c718                localtime
 .text.timegm   0x0801c73c      0x2fc build/components/libc/minilibc/time.o
                0x0801c73c                timegm
 .text.mktime   0x0801ca38       0x60 build/components/libc/minilibc/time.o
                0x0801ca38                mktime
 .text.gettimeofday
                0x0801ca98       0x58 build/components/libc/minilibc/time.o
                0x0801ca98                gettimeofday
 .text.SystemInit
                0x0801caf0       0xd0 build/bsp/Libraries/CMSIS/Device/ST/STM32F10x/Source/Templates/system_stm32f10x.o
                0x0801caf0                SystemInit
 .text.SetSysClock
                0x0801cbc0        0xc build/bsp/Libraries/CMSIS/Device/ST/STM32F10x/Source/Templates/system_stm32f10x.o
 .text.SetSysClockTo72
                0x0801cbcc      0x210 build/bsp/Libraries/CMSIS/Device/ST/STM32F10x/Source/Templates/system_stm32f10x.o
 .text.RCC_OTGFSCLKConfig
                0x0801cddc       0x20 build/bsp/Libraries/STM32F10x_StdPeriph_Driver/src/stm32f10x_rcc.o
                0x0801cddc                RCC_OTGFSCLKConfig
 .text.RCC_LSEConfig
                0x0801cdfc       0x60 build/bsp/Libraries/STM32F10x_StdPeriph_Driver/src/stm32f10x_rcc.o
                0x0801cdfc                RCC_LSEConfig
 .text.RCC_RTCCLKConfig
                0x0801ce5c       0x2c build/bsp/Libraries/STM32F10x_StdPeriph_Driver/src/stm32f10x_rcc.o
                0x0801ce5c                RCC_RTCCLKConfig
 .text.RCC_RTCCLKCmd
                0x0801ce88       0x20 build/bsp/Libraries/STM32F10x_StdPeriph_Driver/src/stm32f10x_rcc.o
                0x0801ce88                RCC_RTCCLKCmd
 .text.RCC_GetClocksFreq
                0x0801cea8      0x260 build/bsp/Libraries/STM32F10x_StdPeriph_Driver/src/stm32f10x_rcc.o
                0x0801cea8                RCC_GetClocksFreq
 .text.RCC_AHBPeriphClockCmd
                0x0801d108       0x54 build/bsp/Libraries/STM32F10x_StdPeriph_Driver/src/stm32f10x_rcc.o
                0x0801d108                RCC_AHBPeriphClockCmd
 .text.RCC_APB2PeriphClockCmd
                0x0801d15c       0x54 build/bsp/Libraries/STM32F10x_StdPeriph_Driver/src/stm32f10x_rcc.o
                0x0801d15c                RCC_APB2PeriphClockCmd
 .text.RCC_APB1PeriphClockCmd
                0x0801d1b0       0x54 build/bsp/Libraries/STM32F10x_StdPeriph_Driver/src/stm32f10x_rcc.o
                0x0801d1b0                RCC_APB1PeriphClockCmd
 .text.RCC_APB1PeriphResetCmd
                0x0801d204       0x54 build/bsp/Libraries/STM32F10x_StdPeriph_Driver/src/stm32f10x_rcc.o
                0x0801d204                RCC_APB1PeriphResetCmd
 .text.RCC_BackupResetCmd
                0x0801d258       0x20 build/bsp/Libraries/STM32F10x_StdPeriph_Driver/src/stm32f10x_rcc.o
                0x0801d258                RCC_BackupResetCmd
 .text.RCC_GetFlagStatus
                0x0801d278       0x90 build/bsp/Libraries/STM32F10x_StdPeriph_Driver/src/stm32f10x_rcc.o
                0x0801d278                RCC_GetFlagStatus
 .text.PWR_BackupAccessCmd
                0x0801d308       0x20 build/bsp/Libraries/STM32F10x_StdPeriph_Driver/src/stm32f10x_pwr.o
                0x0801d308                PWR_BackupAccessCmd
 .text.EXTI_Init
                0x0801d328      0x138 build/bsp/Libraries/STM32F10x_StdPeriph_Driver/src/stm32f10x_exti.o
                0x0801d328                EXTI_Init
 .text.EXTI_ClearITPendingBit
                0x0801d460       0x20 build/bsp/Libraries/STM32F10x_StdPeriph_Driver/src/stm32f10x_exti.o
                0x0801d460                EXTI_ClearITPendingBit
 .text.BKP_DeInit
                0x0801d480       0x18 build/bsp/Libraries/STM32F10x_StdPeriph_Driver/src/stm32f10x_bkp.o
                0x0801d480                BKP_DeInit
 .text.BKP_WriteBackupRegister
                0x0801d498       0x38 build/bsp/Libraries/STM32F10x_StdPeriph_Driver/src/stm32f10x_bkp.o
                0x0801d498                BKP_WriteBackupRegister
 .text.BKP_ReadBackupRegister
                0x0801d4d0       0x34 build/bsp/Libraries/STM32F10x_StdPeriph_Driver/src/stm32f10x_bkp.o
                0x0801d4d0                BKP_ReadBackupRegister
 .text.I2C_Init
                0x0801d504      0x1ac build/bsp/Libraries/STM32F10x_StdPeriph_Driver/src/stm32f10x_i2c.o
                0x0801d504                I2C_Init
 .text.I2C_Cmd  0x0801d6b0       0x40 build/bsp/Libraries/STM32F10x_StdPeriph_Driver/src/stm32f10x_i2c.o
                0x0801d6b0                I2C_Cmd
 .text.I2C_GenerateSTART
                0x0801d6f0       0x40 build/bsp/Libraries/STM32F10x_StdPeriph_Driver/src/stm32f10x_i2c.o
                0x0801d6f0                I2C_GenerateSTART
 .text.I2C_GenerateSTOP
                0x0801d730       0x40 build/bsp/Libraries/STM32F10x_StdPeriph_Driver/src/stm32f10x_i2c.o
                0x0801d730                I2C_GenerateSTOP
 .text.I2C_AcknowledgeConfig
                0x0801d770       0x40 build/bsp/Libraries/STM32F10x_StdPeriph_Driver/src/stm32f10x_i2c.o
                0x0801d770                I2C_AcknowledgeConfig
 .text.I2C_SendData
                0x0801d7b0       0x20 build/bsp/Libraries/STM32F10x_StdPeriph_Driver/src/stm32f10x_i2c.o
                0x0801d7b0                I2C_SendData
 .text.I2C_ReceiveData
                0x0801d7d0       0x1c build/bsp/Libraries/STM32F10x_StdPeriph_Driver/src/stm32f10x_i2c.o
                0x0801d7d0                I2C_ReceiveData
 .text.I2C_Send7bitAddress
                0x0801d7ec       0x3c build/bsp/Libraries/STM32F10x_StdPeriph_Driver/src/stm32f10x_i2c.o
                0x0801d7ec                I2C_Send7bitAddress
 .text.I2C_CheckEvent
                0x0801d828       0x70 build/bsp/Libraries/STM32F10x_StdPeriph_Driver/src/stm32f10x_i2c.o
                0x0801d828                I2C_CheckEvent
 .text.I2C_GetLastEvent
                0x0801d898       0x4c build/bsp/Libraries/STM32F10x_StdPeriph_Driver/src/stm32f10x_i2c.o
                0x0801d898                I2C_GetLastEvent
 .text.I2C_GetFlagStatus
                0x0801d8e4       0x78 build/bsp/Libraries/STM32F10x_StdPeriph_Driver/src/stm32f10x_i2c.o
                0x0801d8e4                I2C_GetFlagStatus
 .text.DAC_DeInit
                0x0801d95c       0x20 build/bsp/Libraries/STM32F10x_StdPeriph_Driver/src/stm32f10x_dac.o
                0x0801d95c                DAC_DeInit
 .text.DAC_Init
                0x0801d97c       0x74 build/bsp/Libraries/STM32F10x_StdPeriph_Driver/src/stm32f10x_dac.o
                0x0801d97c                DAC_Init
 .text.DAC_Cmd  0x0801d9f0       0x64 build/bsp/Libraries/STM32F10x_StdPeriph_Driver/src/stm32f10x_dac.o
                0x0801d9f0                DAC_Cmd
 .text.DAC_SetChannel1Data
                0x0801da54       0x38 build/bsp/Libraries/STM32F10x_StdPeriph_Driver/src/stm32f10x_dac.o
                0x0801da54                DAC_SetChannel1Data
 .text.RTC_EnterConfigMode
                0x0801da8c       0x28 build/bsp/Libraries/STM32F10x_StdPeriph_Driver/src/stm32f10x_rtc.o
                0x0801da8c                RTC_EnterConfigMode
 .text.RTC_ExitConfigMode
                0x0801dab4       0x28 build/bsp/Libraries/STM32F10x_StdPeriph_Driver/src/stm32f10x_rtc.o
                0x0801dab4                RTC_ExitConfigMode
 .text.RTC_GetCounter
                0x0801dadc       0x70 build/bsp/Libraries/STM32F10x_StdPeriph_Driver/src/stm32f10x_rtc.o
                0x0801dadc                RTC_GetCounter
 .text.RTC_SetCounter
                0x0801db4c       0x38 build/bsp/Libraries/STM32F10x_StdPeriph_Driver/src/stm32f10x_rtc.o
                0x0801db4c                RTC_SetCounter
 .text.RTC_SetPrescaler
                0x0801db84       0x3c build/bsp/Libraries/STM32F10x_StdPeriph_Driver/src/stm32f10x_rtc.o
                0x0801db84                RTC_SetPrescaler
 .text.RTC_WaitForLastTask
                0x0801dbc0       0x20 build/bsp/Libraries/STM32F10x_StdPeriph_Driver/src/stm32f10x_rtc.o
                0x0801dbc0                RTC_WaitForLastTask
 .text.RTC_WaitForSynchro
                0x0801dbe0       0x3c build/bsp/Libraries/STM32F10x_StdPeriph_Driver/src/stm32f10x_rtc.o
                0x0801dbe0                RTC_WaitForSynchro
 .text.TIM_TimeBaseInit
                0x0801dc1c      0x11c build/bsp/Libraries/STM32F10x_StdPeriph_Driver/src/stm32f10x_tim.o
                0x0801dc1c                TIM_TimeBaseInit
 .text.TIM_Cmd  0x0801dd38       0x40 build/bsp/Libraries/STM32F10x_StdPeriph_Driver/src/stm32f10x_tim.o
                0x0801dd38                TIM_Cmd
 .text.TIM_ITConfig
                0x0801dd78       0x48 build/bsp/Libraries/STM32F10x_StdPeriph_Driver/src/stm32f10x_tim.o
                0x0801dd78                TIM_ITConfig
 .text.TIM_ARRPreloadConfig
                0x0801ddc0       0x40 build/bsp/Libraries/STM32F10x_StdPeriph_Driver/src/stm32f10x_tim.o
                0x0801ddc0                TIM_ARRPreloadConfig
 .text.TIM_GetITStatus
                0x0801de00       0x60 build/bsp/Libraries/STM32F10x_StdPeriph_Driver/src/stm32f10x_tim.o
                0x0801de00                TIM_GetITStatus
 .text.TIM_ClearITPendingBit
                0x0801de60       0x24 build/bsp/Libraries/STM32F10x_StdPeriph_Driver/src/stm32f10x_tim.o
                0x0801de60                TIM_ClearITPendingBit
 .text.IWDG_WriteAccessCmd
                0x0801de84       0x20 build/bsp/Libraries/STM32F10x_StdPeriph_Driver/src/stm32f10x_iwdg.o
                0x0801de84                IWDG_WriteAccessCmd
 .text.IWDG_SetPrescaler
                0x0801dea4       0x20 build/bsp/Libraries/STM32F10x_StdPeriph_Driver/src/stm32f10x_iwdg.o
                0x0801dea4                IWDG_SetPrescaler
 .text.IWDG_SetReload
                0x0801dec4       0x20 build/bsp/Libraries/STM32F10x_StdPeriph_Driver/src/stm32f10x_iwdg.o
                0x0801dec4                IWDG_SetReload
 .text.IWDG_ReloadCounter
                0x0801dee4       0x18 build/bsp/Libraries/STM32F10x_StdPeriph_Driver/src/stm32f10x_iwdg.o
                0x0801dee4                IWDG_ReloadCounter
 .text.IWDG_Enable
                0x0801defc       0x18 build/bsp/Libraries/STM32F10x_StdPeriph_Driver/src/stm32f10x_iwdg.o
                0x0801defc                IWDG_Enable
 .text.SPI_Init
                0x0801df14       0x88 build/bsp/Libraries/STM32F10x_StdPeriph_Driver/src/stm32f10x_spi.o
                0x0801df14                SPI_Init
 .text.SPI_Cmd  0x0801df9c       0x40 build/bsp/Libraries/STM32F10x_StdPeriph_Driver/src/stm32f10x_spi.o
                0x0801df9c                SPI_Cmd
 .text.SPI_I2S_SendData
                0x0801dfdc       0x1c build/bsp/Libraries/STM32F10x_StdPeriph_Driver/src/stm32f10x_spi.o
                0x0801dfdc                SPI_I2S_SendData
 .text.SPI_I2S_ReceiveData
                0x0801dff8       0x1c build/bsp/Libraries/STM32F10x_StdPeriph_Driver/src/stm32f10x_spi.o
                0x0801dff8                SPI_I2S_ReceiveData
 .text.SPI_I2S_GetFlagStatus
                0x0801e014       0x40 build/bsp/Libraries/STM32F10x_StdPeriph_Driver/src/stm32f10x_spi.o
                0x0801e014                SPI_I2S_GetFlagStatus
 .text.GPIO_Init
                0x0801e054      0x1b0 build/bsp/Libraries/STM32F10x_StdPeriph_Driver/src/stm32f10x_gpio.o
                0x0801e054                GPIO_Init
 .text.GPIO_ReadInputDataBit
                0x0801e204       0x3c build/bsp/Libraries/STM32F10x_StdPeriph_Driver/src/stm32f10x_gpio.o
                0x0801e204                GPIO_ReadInputDataBit
 .text.GPIO_SetBits
                0x0801e240       0x1c build/bsp/Libraries/STM32F10x_StdPeriph_Driver/src/stm32f10x_gpio.o
                0x0801e240                GPIO_SetBits
 .text.GPIO_ResetBits
                0x0801e25c       0x1c build/bsp/Libraries/STM32F10x_StdPeriph_Driver/src/stm32f10x_gpio.o
                0x0801e25c                GPIO_ResetBits
 .text.GPIO_PinRemapConfig
                0x0801e278      0x120 build/bsp/Libraries/STM32F10x_StdPeriph_Driver/src/stm32f10x_gpio.o
                0x0801e278                GPIO_PinRemapConfig
 .text.GPIO_EXTILineConfig
                0x0801e398       0xb0 build/bsp/Libraries/STM32F10x_StdPeriph_Driver/src/stm32f10x_gpio.o
                0x0801e398                GPIO_EXTILineConfig
 .text.USART_Init
                0x0801e448      0x1ac build/bsp/Libraries/STM32F10x_StdPeriph_Driver/src/stm32f10x_usart.o
                0x0801e448                USART_Init
 .text.USART_ClockInit
                0x0801e5f4       0x58 build/bsp/Libraries/STM32F10x_StdPeriph_Driver/src/stm32f10x_usart.o
                0x0801e5f4                USART_ClockInit
 .text.USART_Cmd
                0x0801e64c       0x40 build/bsp/Libraries/STM32F10x_StdPeriph_Driver/src/stm32f10x_usart.o
                0x0801e64c                USART_Cmd
 .text.USART_ITConfig
                0x0801e68c       0xa4 build/bsp/Libraries/STM32F10x_StdPeriph_Driver/src/stm32f10x_usart.o
                0x0801e68c                USART_ITConfig
 .text.USART_GetITStatus
                0x0801e730       0xc4 build/bsp/Libraries/STM32F10x_StdPeriph_Driver/src/stm32f10x_usart.o
                0x0801e730                USART_GetITStatus
 .text.USART_ClearITPendingBit
                0x0801e7f4       0x44 build/bsp/Libraries/STM32F10x_StdPeriph_Driver/src/stm32f10x_usart.o
                0x0801e7f4                USART_ClearITPendingBit
 .text.DMA_Cmd  0x0801e838       0x38 build/bsp/Libraries/STM32F10x_StdPeriph_Driver/src/stm32f10x_dma.o
                0x0801e838                DMA_Cmd
 .text.DMA_ClearFlag
                0x0801e870       0x38 build/bsp/Libraries/STM32F10x_StdPeriph_Driver/src/stm32f10x_dma.o
                0x0801e870                DMA_ClearFlag
 .text.DMA_GetITStatus
                0x0801e8a8       0x60 build/bsp/Libraries/STM32F10x_StdPeriph_Driver/src/stm32f10x_dma.o
                0x0801e8a8                DMA_GetITStatus
 .text.NVIC_PriorityGroupConfig
                0x0801e908       0x28 build/bsp/Libraries/STM32F10x_StdPeriph_Driver/src/misc.o
                0x0801e908                NVIC_PriorityGroupConfig
 .text.NVIC_Init
                0x0801e930       0xe8 build/bsp/Libraries/STM32F10x_StdPeriph_Driver/src/misc.o
                0x0801e930                NVIC_Init
 .text.NVIC_SetVectorTable
                0x0801ea18       0x2c build/bsp/Libraries/STM32F10x_StdPeriph_Driver/src/misc.o
                0x0801ea18                NVIC_SetVectorTable
 .text.SysTick_CLKSourceConfig
                0x0801ea44       0x4c build/bsp/Libraries/STM32F10x_StdPeriph_Driver/src/misc.o
                0x0801ea44                SysTick_CLKSourceConfig
 .text.USBH_MSC_Init
                0x0801ea90       0x78 build/bsp/Libraries/STM32_USB_HOST_Library/Class/MSC/src/usbh_msc_bot.o
                0x0801ea90                USBH_MSC_Init
 .text.USBH_MSC_HandleBOTXfer
                0x0801eb08      0x820 build/bsp/Libraries/STM32_USB_HOST_Library/Class/MSC/src/usbh_msc_bot.o
                0x0801eb08                USBH_MSC_HandleBOTXfer
 .text.USBH_MSC_BOT_Abort
                0x0801f328       0xa8 build/bsp/Libraries/STM32_USB_HOST_Library/Class/MSC/src/usbh_msc_bot.o
                0x0801f328                USBH_MSC_BOT_Abort
 .text.USBH_MSC_DecodeCSW
                0x0801f3d0       0xd4 build/bsp/Libraries/STM32_USB_HOST_Library/Class/MSC/src/usbh_msc_bot.o
                0x0801f3d0                USBH_MSC_DecodeCSW
 .text.USBH_MSC_TestUnitReady
                0x0801f4a4      0x17c build/bsp/Libraries/STM32_USB_HOST_Library/Class/MSC/src/usbh_msc_scsi.o
                0x0801f4a4                USBH_MSC_TestUnitReady
 .text.USBH_MSC_ReadCapacity10
                0x0801f620      0x1f0 build/bsp/Libraries/STM32_USB_HOST_Library/Class/MSC/src/usbh_msc_scsi.o
                0x0801f620                USBH_MSC_ReadCapacity10
 .text.USBH_MSC_ModeSense6
                0x0801f810      0x1b8 build/bsp/Libraries/STM32_USB_HOST_Library/Class/MSC/src/usbh_msc_scsi.o
                0x0801f810                USBH_MSC_ModeSense6
 .text.USBH_MSC_RequestSense
                0x0801f9c8      0x1f4 build/bsp/Libraries/STM32_USB_HOST_Library/Class/MSC/src/usbh_msc_scsi.o
                0x0801f9c8                USBH_MSC_RequestSense
 .text.USBH_MSC_Write10
                0x0801fbbc      0x1c4 build/bsp/Libraries/STM32_USB_HOST_Library/Class/MSC/src/usbh_msc_scsi.o
                0x0801fbbc                USBH_MSC_Write10
 .text.USBH_MSC_Read10
                0x0801fd80      0x204 build/bsp/Libraries/STM32_USB_HOST_Library/Class/MSC/src/usbh_msc_scsi.o
                0x0801fd80                USBH_MSC_Read10
 .text.USBH_MSC_InterfaceInit
                0x0801ff84      0x180 build/bsp/Libraries/STM32_USB_HOST_Library/Class/MSC/src/usbh_msc_core.o
 .text.USBH_MSC_InterfaceDeInit
                0x08020104       0x94 build/bsp/Libraries/STM32_USB_HOST_Library/Class/MSC/src/usbh_msc_core.o
 .text.USBH_MSC_ClassRequest
                0x08020198       0x2c build/bsp/Libraries/STM32_USB_HOST_Library/Class/MSC/src/usbh_msc_core.o
 .text.USBH_MSC_Handle
                0x080201c4      0x2f4 build/bsp/Libraries/STM32_USB_HOST_Library/Class/MSC/src/usbh_msc_core.o
 .text.USBH_MSC_BOTReset
                0x080204b8       0x50 build/bsp/Libraries/STM32_USB_HOST_Library/Class/MSC/src/usbh_msc_core.o
                0x080204b8                USBH_MSC_BOTReset
 .text.USBH_MSC_GETMaxLUN
                0x08020508       0x50 build/bsp/Libraries/STM32_USB_HOST_Library/Class/MSC/src/usbh_msc_core.o
 .text.USBH_MSC_ErrorHandle
                0x08020558       0x84 build/bsp/Libraries/STM32_USB_HOST_Library/Class/MSC/src/usbh_msc_core.o
                0x08020558                USBH_MSC_ErrorHandle
 .text.disk_initialize
                0x080205dc       0x50 build/bsp/Libraries/STM32_USB_HOST_Library/Class/MSC/src/usbh_msc_fatfs.o
                0x080205dc                disk_initialize
 .text.disk_status
                0x0802062c       0x30 build/bsp/Libraries/STM32_USB_HOST_Library/Class/MSC/src/usbh_msc_fatfs.o
                0x0802062c                disk_status
 .text.disk_read
                0x0802065c       0xbc build/bsp/Libraries/STM32_USB_HOST_Library/Class/MSC/src/usbh_msc_fatfs.o
                0x0802065c                disk_read
 .text.disk_write
                0x08020718       0xd8 build/bsp/Libraries/STM32_USB_HOST_Library/Class/MSC/src/usbh_msc_fatfs.o
                0x08020718                disk_write
 .text.disk_ioctl
                0x080207f0       0xac build/bsp/Libraries/STM32_USB_HOST_Library/Class/MSC/src/usbh_msc_fatfs.o
                0x080207f0                disk_ioctl
 .text.USBH_Connected
                0x0802089c       0x24 build/bsp/Libraries/STM32_USB_HOST_Library/Core/src/usbh_core.o
                0x0802089c                USBH_Connected
 .text.USBH_Disconnected
                0x080208c0       0x24 build/bsp/Libraries/STM32_USB_HOST_Library/Core/src/usbh_core.o
                0x080208c0                USBH_Disconnected
 .text.USBH_SOF
                0x080208e4       0x18 build/bsp/Libraries/STM32_USB_HOST_Library/Core/src/usbh_core.o
                0x080208e4                USBH_SOF
 .text.USBH_Init
                0x080208fc       0x50 build/bsp/Libraries/STM32_USB_HOST_Library/Core/src/usbh_core.o
                0x080208fc                USBH_Init
 .text.USBH_DeInit
                0x0802094c       0x74 build/bsp/Libraries/STM32_USB_HOST_Library/Core/src/usbh_core.o
                0x0802094c                USBH_DeInit
 .text.USBH_Process
                0x080209c0      0x288 build/bsp/Libraries/STM32_USB_HOST_Library/Core/src/usbh_core.o
                0x080209c0                USBH_Process
 .text.USBH_ErrorHandle
                0x08020c48       0x4c build/bsp/Libraries/STM32_USB_HOST_Library/Core/src/usbh_core.o
                0x08020c48                USBH_ErrorHandle
 .text.USBH_HandleEnum
                0x08020c94      0x348 build/bsp/Libraries/STM32_USB_HOST_Library/Core/src/usbh_core.o
 .text.USBH_HandleControl
                0x08020fdc      0x3b4 build/bsp/Libraries/STM32_USB_HOST_Library/Core/src/usbh_core.o
                0x08020fdc                USBH_HandleControl
 .text.USBH_Open_Channel
                0x08021390      0x108 build/bsp/Libraries/STM32_USB_HOST_Library/Core/src/usbh_hcs.o
                0x08021390                USBH_Open_Channel
 .text.USBH_Modify_Channel
                0x08021498       0x9c build/bsp/Libraries/STM32_USB_HOST_Library/Core/src/usbh_hcs.o
                0x08021498                USBH_Modify_Channel
 .text.USBH_Alloc_Channel
                0x08021534       0x4c build/bsp/Libraries/STM32_USB_HOST_Library/Core/src/usbh_hcs.o
                0x08021534                USBH_Alloc_Channel
 .text.USBH_Free_Channel
                0x08021580       0x4c build/bsp/Libraries/STM32_USB_HOST_Library/Core/src/usbh_hcs.o
                0x08021580                USBH_Free_Channel
 .text.USBH_DeAllocate_AllChannel
                0x080215cc       0x44 build/bsp/Libraries/STM32_USB_HOST_Library/Core/src/usbh_hcs.o
                0x080215cc                USBH_DeAllocate_AllChannel
 .text.USBH_GetFreeChannel
                0x08021610       0x54 build/bsp/Libraries/STM32_USB_HOST_Library/Core/src/usbh_hcs.o
 .text.USBH_Get_DevDesc
                0x08021664       0x5c build/bsp/Libraries/STM32_USB_HOST_Library/Core/src/usbh_stdreq.o
                0x08021664                USBH_Get_DevDesc
 .text.USBH_Get_CfgDesc
                0x080216c0       0x90 build/bsp/Libraries/STM32_USB_HOST_Library/Core/src/usbh_stdreq.o
                0x080216c0                USBH_Get_CfgDesc
 .text.USBH_Get_StringDesc
                0x08021750       0x5c build/bsp/Libraries/STM32_USB_HOST_Library/Core/src/usbh_stdreq.o
                0x08021750                USBH_Get_StringDesc
 .text.USBH_GetDescriptor
                0x080217ac       0x64 build/bsp/Libraries/STM32_USB_HOST_Library/Core/src/usbh_stdreq.o
                0x080217ac                USBH_GetDescriptor
 .text.USBH_SetAddress
                0x08021810       0x54 build/bsp/Libraries/STM32_USB_HOST_Library/Core/src/usbh_stdreq.o
                0x08021810                USBH_SetAddress
 .text.USBH_SetCfg
                0x08021864       0x50 build/bsp/Libraries/STM32_USB_HOST_Library/Core/src/usbh_stdreq.o
                0x08021864                USBH_SetCfg
 .text.USBH_ClrFeature
                0x080218b4       0x84 build/bsp/Libraries/STM32_USB_HOST_Library/Core/src/usbh_stdreq.o
                0x080218b4                USBH_ClrFeature
 .text.USBH_ParseDevDesc
                0x08021938       0xf0 build/bsp/Libraries/STM32_USB_HOST_Library/Core/src/usbh_stdreq.o
 .text.USBH_ParseCfgDesc
                0x08021a28      0x20c build/bsp/Libraries/STM32_USB_HOST_Library/Core/src/usbh_stdreq.o
 .text.USBH_ParseInterfaceDesc
                0x08021c34       0x5c build/bsp/Libraries/STM32_USB_HOST_Library/Core/src/usbh_stdreq.o
 .text.USBH_ParseEPDesc
                0x08021c90       0x5c build/bsp/Libraries/STM32_USB_HOST_Library/Core/src/usbh_stdreq.o
 .text.USBH_ParseStringDesc
                0x08021cec       0x74 build/bsp/Libraries/STM32_USB_HOST_Library/Core/src/usbh_stdreq.o
 .text.USBH_GetNextDesc
                0x08021d60       0x34 build/bsp/Libraries/STM32_USB_HOST_Library/Core/src/usbh_stdreq.o
                0x08021d60                USBH_GetNextDesc
 .text.USBH_CtlReq
                0x08021d94       0xa0 build/bsp/Libraries/STM32_USB_HOST_Library/Core/src/usbh_ioreq.o
                0x08021d94                USBH_CtlReq
 .text.USBH_CtlSendSetup
                0x08021e34       0x7c build/bsp/Libraries/STM32_USB_HOST_Library/Core/src/usbh_ioreq.o
                0x08021e34                USBH_CtlSendSetup
 .text.USBH_CtlSendData
                0x08021eb0       0xc4 build/bsp/Libraries/STM32_USB_HOST_Library/Core/src/usbh_ioreq.o
                0x08021eb0                USBH_CtlSendData
 .text.USBH_CtlReceiveData
                0x08021f74       0x7c build/bsp/Libraries/STM32_USB_HOST_Library/Core/src/usbh_ioreq.o
                0x08021f74                USBH_CtlReceiveData
 .text.USBH_BulkSendData
                0x08021ff0       0xa8 build/bsp/Libraries/STM32_USB_HOST_Library/Core/src/usbh_ioreq.o
                0x08021ff0                USBH_BulkSendData
 .text.USBH_BulkReceiveData
                0x08022098       0xa8 build/bsp/Libraries/STM32_USB_HOST_Library/Core/src/usbh_ioreq.o
                0x08022098                USBH_BulkReceiveData
 .text.USBH_SubmitSetupRequest
                0x08022140       0x44 build/bsp/Libraries/STM32_USB_HOST_Library/Core/src/usbh_ioreq.o
 .text.HCD_Init
                0x08022184       0xa8 build/bsp/Libraries/STM32_USB_OTG_Driver/src/usb_hcd.o
                0x08022184                HCD_Init
 .text.HCD_GetCurrentSpeed
                0x0802222c       0x28 build/bsp/Libraries/STM32_USB_OTG_Driver/src/usb_hcd.o
                0x0802222c                HCD_GetCurrentSpeed
 .text.HCD_ResetPort
                0x08022254       0x1c build/bsp/Libraries/STM32_USB_OTG_Driver/src/usb_hcd.o
                0x08022254                HCD_ResetPort
 .text.HCD_IsDeviceConnected
                0x08022270       0x1c build/bsp/Libraries/STM32_USB_OTG_Driver/src/usb_hcd.o
                0x08022270                HCD_IsDeviceConnected
 .text.HCD_GetCurrentFrame
                0x0802228c       0x24 build/bsp/Libraries/STM32_USB_OTG_Driver/src/usb_hcd.o
                0x0802228c                HCD_GetCurrentFrame
 .text.HCD_GetURB_State
                0x080222b0       0x24 build/bsp/Libraries/STM32_USB_OTG_Driver/src/usb_hcd.o
                0x080222b0                HCD_GetURB_State
 .text.HCD_GetXferCnt
                0x080222d4       0x24 build/bsp/Libraries/STM32_USB_OTG_Driver/src/usb_hcd.o
                0x080222d4                HCD_GetXferCnt
 .text.HCD_SubmitRequest
                0x080222f8       0x44 build/bsp/Libraries/STM32_USB_OTG_Driver/src/usb_hcd.o
                0x080222f8                HCD_SubmitRequest
 .text.USBH_OTG_ISR_Handler
                0x0802233c      0x114 build/bsp/Libraries/STM32_USB_OTG_Driver/src/usb_hcd_int.o
                0x0802233c                USBH_OTG_ISR_Handler
 .text.USB_OTG_USBH_handle_hc_ISR
                0x08022450       0x9c build/bsp/Libraries/STM32_USB_OTG_Driver/src/usb_hcd_int.o
 .text.USB_OTG_USBH_handle_sof_ISR
                0x080224ec       0x3c build/bsp/Libraries/STM32_USB_OTG_Driver/src/usb_hcd_int.o
 .text.USB_OTG_USBH_handle_Disconnect_ISR
                0x08022528       0x3c build/bsp/Libraries/STM32_USB_OTG_Driver/src/usb_hcd_int.o
 .text.USB_OTG_USBH_handle_nptxfempty_ISR
                0x08022564      0x1b0 build/bsp/Libraries/STM32_USB_OTG_Driver/src/usb_hcd_int.o
 .text.USB_OTG_USBH_handle_ptxfempty_ISR
                0x08022714      0x1b0 build/bsp/Libraries/STM32_USB_OTG_Driver/src/usb_hcd_int.o
 .text.USB_OTG_USBH_handle_port_ISR
                0x080228c4      0x184 build/bsp/Libraries/STM32_USB_OTG_Driver/src/usb_hcd_int.o
 .text.USB_OTG_USBH_handle_hc_n_Out_ISR
                0x08022a48      0x5e4 build/bsp/Libraries/STM32_USB_OTG_Driver/src/usb_hcd_int.o
 .text.USB_OTG_USBH_handle_hc_n_In_ISR
                0x0802302c      0x674 build/bsp/Libraries/STM32_USB_OTG_Driver/src/usb_hcd_int.o
 .text.USB_OTG_USBH_handle_rx_qlvl_ISR
                0x080236a0      0x1c8 build/bsp/Libraries/STM32_USB_OTG_Driver/src/usb_hcd_int.o
 .text.USB_OTG_USBH_handle_IncompletePeriodicXfer_ISR
                0x08023868       0x54 build/bsp/Libraries/STM32_USB_OTG_Driver/src/usb_hcd_int.o
 .text.USB_OTG_EnableCommonInt
                0x080238bc       0x44 build/bsp/Libraries/STM32_USB_OTG_Driver/src/usb_core.o
 .text.USB_OTG_CoreReset
                0x08023900       0xa8 build/bsp/Libraries/STM32_USB_OTG_Driver/src/usb_core.o
 .text.USB_OTG_WritePacket
                0x080239a8       0x88 build/bsp/Libraries/STM32_USB_OTG_Driver/src/usb_core.o
                0x080239a8                USB_OTG_WritePacket
 .text.USB_OTG_ReadPacket
                0x08023a30       0x68 build/bsp/Libraries/STM32_USB_OTG_Driver/src/usb_core.o
                0x08023a30                USB_OTG_ReadPacket
 .text.USB_OTG_SelectCore
                0x08023a98      0x1b4 build/bsp/Libraries/STM32_USB_OTG_Driver/src/usb_core.o
                0x08023a98                USB_OTG_SelectCore
 .text.USB_OTG_CoreInit
                0x08023c4c      0x150 build/bsp/Libraries/STM32_USB_OTG_Driver/src/usb_core.o
                0x08023c4c                USB_OTG_CoreInit
 .text.USB_OTG_EnableGlobalInt
                0x08023d9c       0x3c build/bsp/Libraries/STM32_USB_OTG_Driver/src/usb_core.o
                0x08023d9c                USB_OTG_EnableGlobalInt
 .text.USB_OTG_DisableGlobalInt
                0x08023dd8       0x40 build/bsp/Libraries/STM32_USB_OTG_Driver/src/usb_core.o
                0x08023dd8                USB_OTG_DisableGlobalInt
 .text.USB_OTG_FlushTxFifo
                0x08023e18       0x80 build/bsp/Libraries/STM32_USB_OTG_Driver/src/usb_core.o
                0x08023e18                USB_OTG_FlushTxFifo
 .text.USB_OTG_FlushRxFifo
                0x08023e98       0x6c build/bsp/Libraries/STM32_USB_OTG_Driver/src/usb_core.o
                0x08023e98                USB_OTG_FlushRxFifo
 .text.USB_OTG_SetCurrentMode
                0x08023f04       0x64 build/bsp/Libraries/STM32_USB_OTG_Driver/src/usb_core.o
                0x08023f04                USB_OTG_SetCurrentMode
 .text.USB_OTG_GetMode
                0x08023f68       0x20 build/bsp/Libraries/STM32_USB_OTG_Driver/src/usb_core.o
                0x08023f68                USB_OTG_GetMode
 .text.USB_OTG_IsHostMode
                0x08023f88       0x24 build/bsp/Libraries/STM32_USB_OTG_Driver/src/usb_core.o
                0x08023f88                USB_OTG_IsHostMode
 .text.USB_OTG_ReadCoreItr
                0x08023fac       0x30 build/bsp/Libraries/STM32_USB_OTG_Driver/src/usb_core.o
                0x08023fac                USB_OTG_ReadCoreItr
 .text.USB_OTG_CoreInitHost
                0x08023fdc      0x13c build/bsp/Libraries/STM32_USB_OTG_Driver/src/usb_core.o
                0x08023fdc                USB_OTG_CoreInitHost
 .text.USB_OTG_IsEvenFrame
                0x08024118       0x28 build/bsp/Libraries/STM32_USB_OTG_Driver/src/usb_core.o
                0x08024118                USB_OTG_IsEvenFrame
 .text.USB_OTG_DriveVbus
                0x08024140       0x74 build/bsp/Libraries/STM32_USB_OTG_Driver/src/usb_core.o
                0x08024140                USB_OTG_DriveVbus
 .text.USB_OTG_EnableHostInt
                0x080241b4       0x8c build/bsp/Libraries/STM32_USB_OTG_Driver/src/usb_core.o
                0x080241b4                USB_OTG_EnableHostInt
 .text.USB_OTG_InitFSLSPClkSel
                0x08024240       0x38 build/bsp/Libraries/STM32_USB_OTG_Driver/src/usb_core.o
                0x08024240                USB_OTG_InitFSLSPClkSel
 .text.USB_OTG_ReadHPRT0
                0x08024278       0x40 build/bsp/Libraries/STM32_USB_OTG_Driver/src/usb_core.o
                0x08024278                USB_OTG_ReadHPRT0
 .text.USB_OTG_ReadHostAllChannels_intr
                0x080242b8       0x1c build/bsp/Libraries/STM32_USB_OTG_Driver/src/usb_core.o